Archive member included to satisfy reference by file (symbol)

.pio/build/weact_mini_h743vitx/libFrameworkArduino.a(HardwareSerial.cpp.o)
                              .pio/build/weact_mini_h743vitx/src/main.cpp.o (SerialLP1)
.pio/build/weact_mini_h743vitx/libFrameworkArduino.a(Print.cpp.o)
                              .pio/build/weact_mini_h743vitx/src/main.cpp.o (Print::println(String const&))
.pio/build/weact_mini_h743vitx/libFrameworkArduino.a(Stream.cpp.o)
                              .pio/build/weact_mini_h743vitx/libFrameworkArduino.a(HardwareSerial.cpp.o) (Stream::readBytes(char*, unsigned int))
.pio/build/weact_mini_h743vitx/libFrameworkArduino.a(WString.cpp.o)
                              .pio/build/weact_mini_h743vitx/src/main.cpp.o (String::~String())
.pio/build/weact_mini_h743vitx/libFrameworkArduino.a(dtostrf.c.o)
                              .pio/build/weact_mini_h743vitx/libFrameworkArduino.a(WString.cpp.o) (dtostrf)
.pio/build/weact_mini_h743vitx/libFrameworkArduino.a(itoa.c.o)
                              .pio/build/weact_mini_h743vitx/libFrameworkArduino.a(WString.cpp.o) (ltoa)
.pio/build/weact_mini_h743vitx/libFrameworkArduino.a(main.cpp.o)
                              /home/jlaustill/.platformio/packages/toolchain-gccarmnoneeabi/bin/../lib/gcc/arm-none-eabi/12.3.1/../../../../arm-none-eabi/lib/thumb/v7e-m+fp/hard/crt0.o (main)
.pio/build/weact_mini_h743vitx/libFrameworkArduino.a(startup_stm32yyxx.S.o)
                              (Reset_Handler)
.pio/build/weact_mini_h743vitx/libFrameworkArduino.a(wiring_digital.c.o)
                              .pio/build/weact_mini_h743vitx/src/main.cpp.o (pinMode)
.pio/build/weact_mini_h743vitx/libFrameworkArduino.a(wiring_time.c.o)
                              .pio/build/weact_mini_h743vitx/src/main.cpp.o (millis)
.pio/build/weact_mini_h743vitx/libFrameworkArduino.a(WSerial.cpp.o)
                              .pio/build/weact_mini_h743vitx/libFrameworkArduino.a(main.cpp.o) (serialEventRun())
.pio/build/weact_mini_h743vitx/libFrameworkArduino.a(board.c.o)
                              .pio/build/weact_mini_h743vitx/libFrameworkArduino.a(main.cpp.o) (init)
.pio/build/weact_mini_h743vitx/libFrameworkArduino.a(hooks.c.o)
                              .pio/build/weact_mini_h743vitx/libFrameworkArduino.a(wiring_time.c.o) (yield)
.pio/build/weact_mini_h743vitx/libFrameworkArduino.a(wiring_analog.c.o)
                              .pio/build/weact_mini_h743vitx/libFrameworkArduino.a(wiring_digital.c.o) (g_anOutputPinConfigured)
.pio/build/weact_mini_h743vitx/libFrameworkArduino.a(pins_arduino.c.o)
                              .pio/build/weact_mini_h743vitx/libFrameworkArduino.a(wiring_analog.c.o) (analogInputToPinName)
/home/jlaustill/.platformio/packages/toolchain-gccarmnoneeabi/bin/../lib/gcc/arm-none-eabi/12.3.1/thumb/v7e-m+fp/hard/libgcc.a(_arm_muldf3.o)
                              .pio/build/weact_mini_h743vitx/SrcWrapper/src/HardwareTimer.cpp.o (__aeabi_dmul)
/home/jlaustill/.platformio/packages/toolchain-gccarmnoneeabi/bin/../lib/gcc/arm-none-eabi/12.3.1/thumb/v7e-m+fp/hard/libgcc.a(_arm_addsubdf3.o)
                              .pio/build/weact_mini_h743vitx/libFrameworkArduino.a(Print.cpp.o) (__aeabi_dsub)
/home/jlaustill/.platformio/packages/toolchain-gccarmnoneeabi/bin/../lib/gcc/arm-none-eabi/12.3.1/thumb/v7e-m+fp/hard/libgcc.a(_arm_muldivdf3.o)
                              .pio/build/weact_mini_h743vitx/SrcWrapper/src/HardwareTimer.cpp.o (__aeabi_ddiv)
/home/jlaustill/.platformio/packages/toolchain-gccarmnoneeabi/bin/../lib/gcc/arm-none-eabi/12.3.1/thumb/v7e-m+fp/hard/libgcc.a(_arm_cmpdf2.o)
                              .pio/build/weact_mini_h743vitx/libFrameworkArduino.a(Print.cpp.o) (__aeabi_dcmplt)
/home/jlaustill/.platformio/packages/toolchain-gccarmnoneeabi/bin/../lib/gcc/arm-none-eabi/12.3.1/thumb/v7e-m+fp/hard/libgcc.a(_arm_unorddf2.o)
                              .pio/build/weact_mini_h743vitx/libFrameworkArduino.a(Print.cpp.o) (__aeabi_dcmpun)
/home/jlaustill/.platformio/packages/toolchain-gccarmnoneeabi/bin/../lib/gcc/arm-none-eabi/12.3.1/thumb/v7e-m+fp/hard/libgcc.a(_arm_fixdfsi.o)
                              .pio/build/weact_mini_h743vitx/libFrameworkArduino.a(dtostrf.c.o) (__aeabi_d2iz)
/home/jlaustill/.platformio/packages/toolchain-gccarmnoneeabi/bin/../lib/gcc/arm-none-eabi/12.3.1/thumb/v7e-m+fp/hard/libgcc.a(_arm_fixunsdfsi.o)
                              .pio/build/weact_mini_h743vitx/SrcWrapper/src/HardwareTimer.cpp.o (__aeabi_d2uiz)
/home/jlaustill/.platformio/packages/toolchain-gccarmnoneeabi/bin/../lib/gcc/arm-none-eabi/12.3.1/thumb/v7e-m+fp/hard/libgcc.a(_arm_truncdfsf2.o)
                              .pio/build/weact_mini_h743vitx/libFrameworkArduino.a(Stream.cpp.o) (__aeabi_d2f)
/home/jlaustill/.platformio/packages/toolchain-gccarmnoneeabi/bin/../lib/gcc/arm-none-eabi/12.3.1/thumb/v7e-m+fp/hard/libgcc.a(_aeabi_ldivmod.o)
[...]
Memory Configuration

Name             Origin             Length             Attributes
*default*        0x00000000         0xffffffff
FLASH            0x08000000         0x00200000         xr
RAM              0x20000000         0x00020000         xrw
RAM_D1           0x24000000         0x00080000         xrw
RAM_D2           0x30000000         0x00048000         xrw
RAM_D3           0x38000000         0x00010000         xrw
ITCMRAM          0x00000000         0x00010000         xrw

Linker script and memory map

                0x24080000                        _estack = (ORIGIN (RAM_D1) + LENGTH (RAM_D1))
                0x00000200                        _Min_Heap_Size = 0x200
                0x00000400                        _Min_Stack_Size = 0x400

.isr_vector     0x08000000      0x298
                0x08000000                        . = ALIGN (0x4)
 *(.isr_vector)
 .isr_vector    0x08000000      0x298 .pio/build/weact_mini_h743vitx/libFrameworkArduino.a(startup_stm32yyxx.S.o)
                0x08000000                g_pfnVectors
                0x08000298                        . = ALIGN (0x4)

.text           0x08000298     0x6128
                0x08000298                        . = ALIGN (0x4)
 *(.text)
 .text          0x08000298       0x30 /home/jlaustill/.platformio/packages/toolchain-gccarmnoneeabi/bin/../lib/gcc/arm-none-eabi/12.3.1/thumb/v7e-m+fp/hard/libgcc.a(_aeabi_uldivmod.o)
                0x08000298                __aeabi_uldivmod
 .text          0x080002c8        0x4 /home/jlaustill/.platformio/packages/toolchain-gccarmnoneeabi/bin/../lib/gcc/arm-none-eabi/12.3.1/thumb/v7e-m+fp/hard/libgcc.a(_dvmd_tls.o)
                0x080002c8                __aeabi_ldiv0
                0x080002c8                __aeabi_idiv0
 .text          0x080002cc       0x10 /home/jlaustill/.platformio/packages/toolchain-gccarmnoneeabi/bin/../lib/gcc/arm-none-eabi/12.3.1/../../../../arm-none-eabi/lib/thumb/v7e-m+fp/hard/libc_nano.a(libc_a-strlen.o)
                0x080002cc                strlen
 *(.text*)
 .text.__do_global_dtors_aux
                0x080002dc       0x24 /home/jlaustill/.platformio/packages/toolchain-gccarmnoneeabi/bin/../lib/gcc/arm-none-eabi/12.3.1/thumb/v7e-m+fp/hard/crtbegin.o
 .text.frame_dummy
                0x08000300       0x1c /home/jlaustill/.platformio/packages/toolchain-gccarmnoneeabi/bin/../lib/gcc/arm-none-eabi/12.3.1/thumb/v7e-m+fp/hard/crtbegin.o
 *fill*         0x0800031c        0x4 
 .text.SystemClock_Config
                0x08000320      0x138 .pio/build/weact_mini_h743vitx/FrameworkArduinoVariant/variant_WeActMiniH7xx.cpp.o
                0x08000320                SystemClock_Config
 .text.HAL_MspInit
                0x08000458        0x2 .pio/build/weact_mini_h743vitx/SrcWrapper/src/HAL/stm32yyxx_hal.c.o
                0x08000458                HAL_MspInit
 *fill*         0x0800045a        0x2 
 .text.HAL_InitTick
                0x0800045c       0x4c .pio/build/weact_mini_h743vitx/SrcWrapper/src/HAL/stm32yyxx_hal.c.o
                0x0800045c                HAL_InitTick
 .text.HAL_Init
                0x080004a8       0x5c .pio/build/weact_mini_h743vitx/SrcWrapper/src/HAL/stm32yyxx_hal.c.o
                0x080004a8                HAL_Init
 .text.HAL_IncTick
                0x08000504       0x18 .pio/build/weact_mini_h743vitx/SrcWrapper/src/HAL/stm32yyxx_hal.c.o
                0x08000504                HAL_IncTick
 .text.HAL_GetTick
                0x0800051c        0xc .pio/build/weact_mini_h743vitx/SrcWrapper/src/HAL/stm32yyxx_hal.c.o
                0x0800051c                HAL_GetTick
 .text.HAL_GetREVID
                0x08000528        0xc .pio/build/weact_mini_h743vitx/SrcWrapper/src/HAL/stm32yyxx_hal.c.o
                0x08000528                HAL_GetREVID
 .text.HAL_NVIC_SetPriorityGrouping
                0x08000534       0x24 .pio/build/weact_mini_h743vitx/SrcWrapper/src/HAL/stm32yyxx_hal_cortex.c.o
                0x08000534                HAL_NVIC_SetPriorityGrouping
 .text.HAL_NVIC_SetPriority
                0x08000558       0x64 .pio/build/weact_mini_h743vitx/SrcWrapper/src/HAL/stm32yyxx_hal_cortex.c.o
                0x08000558                HAL_NVIC_SetPriority
 .text.HAL_NVIC_EnableIRQ
                0x080005bc       0x1c .pio/build/weact_mini_h743vitx/SrcWrapper/src/HAL/stm32yyxx_hal_cortex.c.o
                0x080005bc                HAL_NVIC_EnableIRQ
 .text.HAL_NVIC_DisableIRQ
                0x080005d8       0x24 .pio/build/weact_mini_h743vitx/SrcWrapper/src/HAL/stm32yyxx_hal_cortex.c.o
                0x080005d8                HAL_NVIC_DisableIRQ
 .text.HAL_SYSTICK_Config
                0x080005fc       0x28 .pio/build/weact_mini_h743vitx/SrcWrapper/src/HAL/stm32yyxx_hal_cortex.c.o
                0x080005fc                HAL_SYSTICK_Config
 .text.HAL_NVIC_ClearPendingIRQ
                0x08000624       0x1c .pio/build/weact_mini_h743vitx/SrcWrapper/src/HAL/stm32yyxx_hal_cortex.c.o
                0x08000624                HAL_NVIC_ClearPendingIRQ
 .text.HAL_SYSTICK_Callback
                0x08000640        0x2 .pio/build/weact_mini_h743vitx/SrcWrapper/src/HAL/stm32yyxx_hal_cortex.c.o
                0x08000640                HAL_SYSTICK_Callback
 .text.HAL_SYSTICK_IRQHandler
                0x08000642        0x8 .pio/build/weact_mini_h743vitx/SrcWrapper/src/HAL/stm32yyxx_hal_cortex.c.o
                0x08000642                HAL_SYSTICK_IRQHandler
 .text.HAL_CRC_MspInit
                0x0800064a        0x2 .pio/build/weact_mini_h743vitx/SrcWrapper/src/HAL/stm32yyxx_hal_crc.c.o
                0x0800064a                HAL_CRC_MspInit
 .text.HAL_CRC_Init
                0x0800064c       0x74 .pio/build/weact_mini_h743vitx/SrcWrapper/src/HAL/stm32yyxx_hal_crc.c.o
                0x0800064c                HAL_CRC_Init
 .text.HAL_CRCEx_Polynomial_Set
                0x080006c0       0x52 .pio/build/weact_mini_h743vitx/SrcWrapper/src/HAL/stm32yyxx_hal_crc_ex.c.o
                0x080006c0                HAL_CRCEx_Polynomial_Set
 .text.HAL_DAC_DeInit
                0x08000712       0x1c .pio/build/weact_mini_h743vitx/SrcWrapper/src/HAL/stm32yyxx_hal_dac.c.o
                0x08000712                HAL_DAC_DeInit
 .text.HAL_DAC_Stop
                0x0800072e       0x1c .pio/build/weact_mini_h743vitx/SrcWrapper/src/HAL/stm32yyxx_hal_dac.c.o
                0x0800072e                HAL_DAC_Stop
 *fill*         0x0800074a        0x2 
 .text.HAL_DMA_Abort
                0x0800074c      0x43c .pio/build/weact_mini_h743vitx/SrcWrapper/src/HAL/stm32yyxx_hal_dma.c.o
                0x0800074c                HAL_DMA_Abort
 .text.HAL_DMA_Abort_IT
                0x08000b88      0x140 .pio/build/weact_mini_h743vitx/SrcWrapper/src/HAL/stm32yyxx_hal_dma.c.o
                0x08000b88                HAL_DMA_Abort_IT
 .text.HAL_GPIO_EXTI_IRQHandler
                0x08000cc8       0x18 .pio/build/weact_mini_h743vitx/SrcWrapper/src/HAL/stm32yyxx_hal_gpio.c.o
                0x08000cc8                HAL_GPIO_EXTI_IRQHandler
 .text.HAL_PWR_EnableBkUpAccess
                0x08000ce0       0x10 .pio/build/weact_mini_h743vitx/SrcWrapper/src/HAL/stm32yyxx_hal_pwr.c.o
                0x08000ce0                HAL_PWR_EnableBkUpAccess
 .text.HAL_PWREx_ConfigSupply
                0x08000cf0       0x48 .pio/build/weact_mini_h743vitx/SrcWrapper/src/HAL/stm32yyxx_hal_pwr_ex.c.o
                0x08000cf0                HAL_PWREx_ConfigSupply
 .text.HAL_RCC_OscConfig
                0x08000d38      0x558 .pio/build/weact_mini_h743vitx/SrcWrapper/src/HAL/stm32yyxx_hal_rcc.c.o
                0x08000d38                HAL_RCC_OscConfig
 .text.HAL_RCC_GetSysClockFreq
                0x08001290      0x144 .pio/build/weact_mini_h743vitx/SrcWrapper/src/HAL/stm32yyxx_hal_rcc.c.o
                0x08001290                HAL_RCC_GetSysClockFreq
 .text.HAL_RCC_ClockConfig
                0x080013d4      0x24c .pio/build/weact_mini_h743vitx/SrcWrapper/src/HAL/stm32yyxx_hal_rcc.c.o
                0x080013d4                HAL_RCC_ClockConfig
 .text.HAL_RCC_GetHCLKFreq
                0x08001620       0x44 .pio/build/weact_mini_h743vitx/SrcWrapper/src/HAL/stm32yyxx_hal_rcc.c.o
                0x08001620                HAL_RCC_GetHCLKFreq
 .text.HAL_RCC_GetPCLK1Freq
                0x08001664       0x24 .pio/build/weact_mini_h743vitx/SrcWrapper/src/HAL/stm32yyxx_hal_rcc.c.o
                0x08001664                HAL_RCC_GetPCLK1Freq
 .text.HAL_RCC_GetPCLK2Freq
                0x08001688       0x24 .pio/build/weact_mini_h743vitx/SrcWrapper/src/HAL/stm32yyxx_hal_rcc.c.o
                0x08001688                HAL_RCC_GetPCLK2Freq
 .text.RCCEx_PLL2_Config
                0x080016ac       0xf0 .pio/build/weact_mini_h743vitx/SrcWrapper/src/HAL/stm32yyxx_hal_rcc_ex.c.o
 .text.RCCEx_PLL3_Config
                0x0800179c       0xf0 .pio/build/weact_mini_h743vitx/SrcWrapper/src/HAL/stm32yyxx_hal_rcc_ex.c.o
 .text.HAL_RCCEx_PeriphCLKConfig
                0x0800188c      0x9d4 .pio/build/weact_mini_h743vitx/SrcWrapper/src/HAL/stm32yyxx_hal_rcc_ex.c.o
                0x0800188c                HAL_RCCEx_PeriphCLKConfig
 .text.HAL_RCCEx_GetD3PCLK1Freq
                0x08002260       0x24 .pio/build/weact_mini_h743vitx/SrcWrapper/src/HAL/stm32yyxx_hal_rcc_ex.c.o
                0x08002260                HAL_RCCEx_GetD3PCLK1Freq
 .text.HAL_RCCEx_GetPLL2ClockFreq
                0x08002284      0x154 .pio/build/weact_mini_h743vitx/SrcWrapper/src/HAL/stm32yyxx_hal_rcc_ex.c.o
                0x08002284                HAL_RCCEx_GetPLL2ClockFreq
 .text.HAL_RCCEx_GetPLL3ClockFreq
                0x080023d8      0x154 .pio/build/weact_mini_h743vitx/SrcWrapper/src/HAL/stm32yyxx_hal_rcc_ex.c.o
                0x080023d8                HAL_RCCEx_GetPLL3ClockFreq
 .text.HAL_TIM_PWM_PulseFinishedCallback
                0x0800252c        0x2 .pio/build/weact_mini_h743vitx/SrcWrapper/src/HAL/stm32yyxx_hal_tim.c.o
                0x0800252c                HAL_TIM_PWM_PulseFinishedCallback
 .text.HAL_TIM_TriggerCallback
                0x0800252e        0x2 .pio/build/weact_mini_h743vitx/SrcWrapper/src/HAL/stm32yyxx_hal_tim.c.o
                0x0800252e                HAL_TIM_TriggerCallback
 .text.HAL_TIM_IRQHandler
                0x08002530      0x160 .pio/build/weact_mini_h743vitx/SrcWrapper/src/HAL/stm32yyxx_hal_tim.c.o
                0x08002530                HAL_TIM_IRQHandler
 .text.TIM_Base_SetConfig
                0x08002690       0xa4 .pio/build/weact_mini_h743vitx/SrcWrapper/src/HAL/stm32yyxx_hal_tim.c.o
                0x08002690                TIM_Base_SetConfig
 .text.HAL_TIM_Base_Init
                0x08002734       0x60 .pio/build/weact_mini_h743vitx/SrcWrapper/src/HAL/stm32yyxx_hal_tim.c.o
                0x08002734                HAL_TIM_Base_Init
 .text.HAL_TIMEx_CommutCallback
                0x08002794        0x2 .pio/build/weact_mini_h743vitx/SrcWrapper/src/HAL/stm32yyxx_hal_tim_ex.c.o
                0x08002794                HAL_TIMEx_CommutCallback
 .text.HAL_TIMEx_BreakCallback
                0x08002796        0x2 .pio/build/weact_mini_h743vitx/SrcWrapper/src/HAL/stm32yyxx_hal_tim_ex.c.o
                0x08002796                HAL_TIMEx_BreakCallback
 .text.HAL_TIMEx_Break2Callback
                0x08002798        0x2 .pio/build/weact_mini_h743vitx/SrcWrapper/src/HAL/stm32yyxx_hal_tim_ex.c.o
                0x08002798                HAL_TIMEx_Break2Callback
 *fill*         0x0800279a        0x2 
 .text.UART_EndRxTransfer
                0x0800279c       0x58 .pio/build/weact_mini_h743vitx/SrcWrapper/src/HAL/stm32yyxx_hal_uart.c.o
 .text.UART_TxISR_8BIT.part.0
                0x080027f4       0x26 .pio/build/weact_mini_h743vitx/SrcWrapper/src/HAL/stm32yyxx_hal_uart.c.o
 .text.UART_TxISR_8BIT
                0x0800281a       0x30 .pio/build/weact_mini_h743vitx/SrcWrapper/src/HAL/stm32yyxx_hal_uart.c.o
 .text.UART_TxISR_16BIT
                0x0800284a       0x34 .pio/build/weact_mini_h743vitx/SrcWrapper/src/HAL/stm32yyxx_hal_uart.c.o
 .text.UART_TxISR_8BIT_FIFOEN
                0x0800287e       0x66 .pio/build/weact_mini_h743vitx/SrcWrapper/src/HAL/stm32yyxx_hal_uart.c.o
 .text.UART_TxISR_16BIT_FIFOEN
                0x080028e4       0x6a .pio/build/weact_mini_h743vitx/SrcWrapper/src/HAL/stm32yyxx_hal_uart.c.o
 .text.HAL_UART_MspInit
                0x0800294e        0x2 .pio/build/weact_mini_h743vitx/SrcWrapper/src/HAL/stm32yyxx_hal_uart.c.o
                0x0800294e                HAL_UART_MspInit
 .text.HAL_UART_Transmit_IT
                0x08002950       0xac .pio/build/weact_mini_h743vitx/SrcWrapper/src/HAL/stm32yyxx_hal_uart.c.o
                0x08002950                HAL_UART_Transmit_IT
 .text.UART_DMAAbortOnError
                0x080029fc       0x14 .pio/build/weact_mini_h743vitx/SrcWrapper/src/HAL/stm32yyxx_hal_uart.c.o
 .text.HAL_UARTEx_RxEventCallback
                0x08002a10        0x2 .pio/build/weact_mini_h743vitx/SrcWrapper/src/HAL/stm32yyxx_hal_uart.c.o
                0x08002a10                HAL_UARTEx_RxEventCallback
 *fill*         0x08002a12        0x2 
 .text.HAL_UART_IRQHandler
                0x08002a14      0x348 .pio/build/weact_mini_h743vitx/SrcWrapper/src/HAL/stm32yyxx_hal_uart.c.o
                0x08002a14                HAL_UART_IRQHandler
 .text.UART_RxISR_8BIT
                0x08002d5c       0xcc .pio/build/weact_mini_h743vitx/SrcWrapper/src/HAL/stm32yyxx_hal_uart.c.o
 .text.UART_RxISR_16BIT
                0x08002e28       0xc4 .pio/build/weact_mini_h743vitx/SrcWrapper/src/HAL/stm32yyxx_hal_uart.c.o
 .text.UART_RxISR_8BIT_FIFOEN
                0x08002eec      0x1a8 .pio/build/weact_mini_h743vitx/SrcWrapper/src/HAL/stm32yyxx_hal_uart.c.o
 .text.UART_RxISR_16BIT_FIFOEN
                0x08003094      0x1a4 .pio/build/weact_mini_h743vitx/SrcWrapper/src/HAL/stm32yyxx_hal_uart.c.o
 .text.HAL_HalfDuplex_EnableTransmitter
                0x08003238       0x4c .pio/build/weact_mini_h743vitx/SrcWrapper/src/HAL/stm32yyxx_hal_uart.c.o
                0x08003238                HAL_HalfDuplex_EnableTransmitter
 .text.HAL_HalfDuplex_EnableReceiver
                0x08003284       0x4c .pio/build/weact_mini_h743vitx/SrcWrapper/src/HAL/stm32yyxx_hal_uart.c.o
                0x08003284                HAL_HalfDuplex_EnableReceiver
 .text.HAL_UART_GetState
                0x080032d0        0xc .pio/build/weact_mini_h743vitx/SrcWrapper/src/HAL/stm32yyxx_hal_uart.c.o
                0x080032d0                HAL_UART_GetState
 .text.UART_SetConfig
                0x080032dc      0x2b4 .pio/build/weact_mini_h743vitx/SrcWrapper/src/HAL/stm32yyxx_hal_uart.c.o
                0x080032dc                UART_SetConfig
 .text.UART_AdvFeatureConfig
                0x08003590       0xaa .pio/build/weact_mini_h743vitx/SrcWrapper/src/HAL/stm32yyxx_hal_uart.c.o
                0x08003590                UART_AdvFeatureConfig
 .text.UART_WaitOnFlagUntilTimeout
                0x0800363a       0x88 .pio/build/weact_mini_h743vitx/SrcWrapper/src/HAL/stm32yyxx_hal_uart.c.o
                0x0800363a                UART_WaitOnFlagUntilTimeout
 .text.UART_CheckIdleState
                0x080036c2       0xb6 .pio/build/weact_mini_h743vitx/SrcWrapper/src/HAL/stm32yyxx_hal_uart.c.o
                0x080036c2                UART_CheckIdleState
 .text.HAL_UART_Init
                0x08003778       0x60 .pio/build/weact_mini_h743vitx/SrcWrapper/src/HAL/stm32yyxx_hal_uart.c.o
                0x08003778                HAL_UART_Init
 .text.HAL_HalfDuplex_Init
                0x080037d8       0x68 .pio/build/weact_mini_h743vitx/SrcWrapper/src/HAL/stm32yyxx_hal_uart.c.o
                0x080037d8                HAL_HalfDuplex_Init
 .text.UART_Start_Receive_IT
                0x08003840      0x114 .pio/build/weact_mini_h743vitx/SrcWrapper/src/HAL/stm32yyxx_hal_uart.c.o
                0x08003840                UART_Start_Receive_IT
 .text.HAL_UART_Receive_IT
                0x08003954       0x44 .pio/build/weact_mini_h743vitx/SrcWrapper/src/HAL/stm32yyxx_hal_uart.c.o
                0x08003954                HAL_UART_Receive_IT
 .text.HAL_UARTEx_RxFifoFullCallback
                0x08003998        0x2 .pio/build/weact_mini_h743vitx/SrcWrapper/src/HAL/stm32yyxx_hal_uart_ex.c.o
                0x08003998                HAL_UARTEx_RxFifoFullCallback
 .text.HAL_UARTEx_TxFifoEmptyCallback
                0x0800399a        0x2 .pio/build/weact_mini_h743vitx/SrcWrapper/src/HAL/stm32yyxx_hal_uart_ex.c.o
                0x0800399a                HAL_UARTEx_TxFifoEmptyCallback
 .text.HAL_UARTEx_EnableStopMode
                0x0800399c       0x2c .pio/build/weact_mini_h743vitx/SrcWrapper/src/HAL/stm32yyxx_hal_uart_ex.c.o
                0x0800399c                HAL_UARTEx_EnableStopMode
 .text.HAL_UARTEx_DisableStopMode
                0x080039c8       0x2c .pio/build/weact_mini_h743vitx/SrcWrapper/src/HAL/stm32yyxx_hal_uart_ex.c.o
                0x080039c8                HAL_UARTEx_DisableStopMode
 .text._ZNSt8functionIFvvEEaSEDn.isra.0
                0x080039f4       0x16 .pio/build/weact_mini_h743vitx/SrcWrapper/src/HardwareTimer.cpp.o
 .text._ZNSt14_Function_baseD2Ev
                0x08003a0a       0x12 .pio/build/weact_mini_h743vitx/SrcWrapper/src/HardwareTimer.cpp.o
                0x08003a0a                std::_Function_base::~_Function_base()
                0x08003a0a                std::_Function_base::~_Function_base()
 .text._Z15get_timer_indexP11TIM_TypeDef
                0x08003a1c       0xb0 .pio/build/weact_mini_h743vitx/SrcWrapper/src/HardwareTimer.cpp.o
                0x08003a1c                get_timer_index(TIM_TypeDef*)
 .text._ZN13HardwareTimerD2Ev
                0x08003acc       0x40 .pio/build/weact_mini_h743vitx/SrcWrapper/src/HardwareTimer.cpp.o
                0x08003acc                HardwareTimer::~HardwareTimer()
                0x08003acc                HardwareTimer::~HardwareTimer()
 .text._ZN13HardwareTimer5setupEP11TIM_TypeDef
                0x08003b0c       0x9c .pio/build/weact_mini_h743vitx/SrcWrapper/src/HardwareTimer.cpp.o
                0x08003b0c                HardwareTimer::setup(TIM_TypeDef*)
 .text.TIM1_UP_IRQHandler
                0x08003ba8       0x14 .pio/build/weact_mini_h743vitx/SrcWrapper/src/HardwareTimer.cpp.o
                0x08003ba8                TIM1_UP_IRQHandler
 .text.TIM1_CC_IRQHandler
                0x08003bbc        0x4 .pio/build/weact_mini_h743vitx/SrcWrapper/src/HardwareTimer.cpp.o
                0x08003bbc                TIM1_CC_IRQHandler
 .text.TIM2_IRQHandler
                0x08003bc0       0x14 .pio/build/weact_mini_h743vitx/SrcWrapper/src/HardwareTimer.cpp.o
                0x08003bc0                TIM2_IRQHandler
 .text.TIM3_IRQHandler
                0x08003bd4       0x14 .pio/build/weact_mini_h743vitx/SrcWrapper/src/HardwareTimer.cpp.o
                0x08003bd4                TIM3_IRQHandler
 .text.TIM4_IRQHandler
                0x08003be8       0x14 .pio/build/weact_mini_h743vitx/SrcWrapper/src/HardwareTimer.cpp.o
                0x08003be8                TIM4_IRQHandler
 .text.TIM5_IRQHandler
                0x08003bfc       0x14 .pio/build/weact_mini_h743vitx/SrcWrapper/src/HardwareTimer.cpp.o
                0x08003bfc                TIM5_IRQHandler
 .text.TIM6_DAC_IRQHandler
                0x08003c10       0x14 .pio/build/weact_mini_h743vitx/SrcWrapper/src/HardwareTimer.cpp.o
                0x08003c10                TIM6_DAC_IRQHandler
 .text.TIM7_IRQHandler
                0x08003c24       0x14 .pio/build/weact_mini_h743vitx/SrcWrapper/src/HardwareTimer.cpp.o
                0x08003c24                TIM7_IRQHandler
 .text.TIM8_UP_TIM13_IRQHandler
                0x08003c38       0x24 .pio/build/weact_mini_h743vitx/SrcWrapper/src/HardwareTimer.cpp.o
                0x08003c38                TIM8_UP_TIM13_IRQHandler
 .text.TIM8_CC_IRQHandler
                0x08003c5c       0x14 .pio/build/weact_mini_h743vitx/SrcWrapper/src/HardwareTimer.cpp.o
                0x08003c5c                TIM8_CC_IRQHandler
 .text.TIM8_BRK_TIM12_IRQHandler
                0x08003c70       0x14 .pio/build/weact_mini_h743vitx/SrcWrapper/src/HardwareTimer.cpp.o
                0x08003c70                TIM8_BRK_TIM12_IRQHandler
 .text.TIM8_TRG_COM_TIM14_IRQHandler
                0x08003c84       0x14 .pio/build/weact_mini_h743vitx/SrcWrapper/src/HardwareTimer.cpp.o
                0x08003c84                TIM8_TRG_COM_TIM14_IRQHandler
 .text.TIM15_IRQHandler
                0x08003c98       0x14 .pio/build/weact_mini_h743vitx/SrcWrapper/src/HardwareTimer.cpp.o
                0x08003c98                TIM15_IRQHandler
 .text.TIM16_IRQHandler
                0x08003cac       0x14 .pio/build/weact_mini_h743vitx/SrcWrapper/src/HardwareTimer.cpp.o
                0x08003cac                TIM16_IRQHandler
 .text.TIM17_IRQHandler
                0x08003cc0       0x14 .pio/build/weact_mini_h743vitx/SrcWrapper/src/HardwareTimer.cpp.o
                0x08003cc0                TIM17_IRQHandler
 .text._ZNSt8functionIFvvEEC2Ev
                0x08003cd4        0xc .pio/build/weact_mini_h743vitx/SrcWrapper/src/HardwareTimer.cpp.o
                0x08003cd4                std::function<void ()>::function()
                0x08003cd4                std::function<void ()>::function()
 .text._ZN13HardwareTimerC2EP11TIM_TypeDef
                0x08003ce0       0x2a .pio/build/weact_mini_h743vitx/SrcWrapper/src/HardwareTimer.cpp.o
                0x08003ce0                HardwareTimer::HardwareTimer(TIM_TypeDef*)
                0x08003ce0                HardwareTimer::HardwareTimer(TIM_TypeDef*)
 .text._ZNKSt8functionIFvvEEclEv
                0x08003d0a       0x12 .pio/build/weact_mini_h743vitx/SrcWrapper/src/HardwareTimer.cpp.o
                0x08003d0a                std::function<void ()>::operator()() const
 .text._ZN13HardwareTimer14updateCallbackEP17TIM_HandleTypeDef
                0x08003d1c       0x18 .pio/build/weact_mini_h743vitx/SrcWrapper/src/HardwareTimer.cpp.o
                0x08003d1c                HardwareTimer::updateCallback(TIM_HandleTypeDef*)
 .text.HAL_TIM_PeriodElapsedCallback
                0x08003d34        0x4 .pio/build/weact_mini_h743vitx/SrcWrapper/src/HardwareTimer.cpp.o
                0x08003d34                HAL_TIM_PeriodElapsedCallback
 .text._ZN13HardwareTimer22captureCompareCallbackEP17TIM_HandleTypeDef
                0x08003d38       0x3e .pio/build/weact_mini_h743vitx/SrcWrapper/src/HardwareTimer.cpp.o
                0x08003d38                HardwareTimer::captureCompareCallback(TIM_HandleTypeDef*)
 .text.HAL_TIM_OC_DelayElapsedCallback
                0x08003d76        0x4 .pio/build/weact_mini_h743vitx/SrcWrapper/src/HardwareTimer.cpp.o
                0x08003d76                HAL_TIM_OC_DelayElapsedCallback
 .text.HAL_TIM_IC_CaptureCallback
                0x08003d7a        0x4 .pio/build/weact_mini_h743vitx/SrcWrapper/src/HardwareTimer.cpp.o
                0x08003d7a                HAL_TIM_IC_CaptureCallback
 .text._Znwj    0x08003d7e        0x4 .pio/build/weact_mini_h743vitx/SrcWrapper/src/new.cpp.o
                0x08003d7e                operator new(unsigned int)
 .text._ZdlPvj  0x08003d82        0x4 .pio/build/weact_mini_h743vitx/SrcWrapper/src/new.cpp.o
                0x08003d82                operator delete(void*, unsigned int)
 *fill*         0x08003d86        0x2 
 .text.set_GPIO_Port_Clock
                0x08003d88      0x198 .pio/build/weact_mini_h743vitx/SrcWrapper/src/stm32/PortNames.c.o
                0x08003d88                set_GPIO_Port_Clock
 .text.get_dac_channel
                0x08003f20       0x24 .pio/build/weact_mini_h743vitx/SrcWrapper/src/stm32/analog.cpp.o
                0x08003f20                get_dac_channel
 .text.HAL_DAC_MspDeInit
                0x08003f44       0x48 .pio/build/weact_mini_h743vitx/SrcWrapper/src/stm32/analog.cpp.o
                0x08003f44                HAL_DAC_MspDeInit
 .text.dac_stop
                0x08003f8c       0x34 .pio/build/weact_mini_h743vitx/SrcWrapper/src/stm32/analog.cpp.o
                0x08003f8c                dac_stop
 .text.pwm_stop
                0x08003fc0       0x5c .pio/build/weact_mini_h743vitx/SrcWrapper/src/stm32/analog.cpp.o
                0x08003fc0                pwm_stop
 .text.getCurrentMillis
                0x0800401c        0x4 .pio/build/weact_mini_h743vitx/SrcWrapper/src/stm32/clock.c.o
                0x0800401c                getCurrentMillis
 .text.noOsSystickHandler
                0x08004020        0x2 .pio/build/weact_mini_h743vitx/SrcWrapper/src/stm32/clock.c.o
                0x08004020                noOsSystickHandler
                0x08004020                osSystickHandler
 .text.SysTick_Handler
                0x08004022       0x10 .pio/build/weact_mini_h743vitx/SrcWrapper/src/stm32/clock.c.o
                0x08004022                SysTick_Handler
 *fill*         0x08004032        0x2 
 .text.enableClock
                0x08004034       0xb4 .pio/build/weact_mini_h743vitx/SrcWrapper/src/stm32/clock.c.o
                0x08004034                enableClock
 .text.configHSECapacitorTuning
                0x080040e8        0x2 .pio/build/weact_mini_h743vitx/SrcWrapper/src/stm32/clock.c.o
                0x080040e8                configHSECapacitorTuning
 *fill*         0x080040ea        0x2 
 .text.configIPClock
                0x080040ec       0x54 .pio/build/weact_mini_h743vitx/SrcWrapper/src/stm32/clock.c.o
                0x080040ec                configIPClock
 .text.dwt_access
                0x08004140       0x28 .pio/build/weact_mini_h743vitx/SrcWrapper/src/stm32/dwt.c.o
                0x08004140                dwt_access
 .text.dwt_init
                0x08004168       0x44 .pio/build/weact_mini_h743vitx/SrcWrapper/src/stm32/dwt.c.o
                0x08004168                dwt_init
 .text.hw_config_init
                0x080041ac       0x24 .pio/build/weact_mini_h743vitx/SrcWrapper/src/stm32/hw_config.c.o
                0x080041ac                hw_config_init
 .text.startup._ZNSt8functionIFvvEEC2EDn.constprop.0.isra.0
                0x080041d0        0xc .pio/build/weact_mini_h743vitx/SrcWrapper/src/stm32/interrupt.cpp.o
 .text.HAL_GPIO_EXTI_Callback
                0x080041dc       0x2c .pio/build/weact_mini_h743vitx/SrcWrapper/src/stm32/interrupt.cpp.o
                0x080041dc                HAL_GPIO_EXTI_Callback
 .text.EXTI0_IRQHandler
                0x08004208        0x6 .pio/build/weact_mini_h743vitx/SrcWrapper/src/stm32/interrupt.cpp.o
                0x08004208                EXTI0_IRQHandler
 .text.EXTI1_IRQHandler
                0x0800420e        0x6 .pio/build/weact_mini_h743vitx/SrcWrapper/src/stm32/interrupt.cpp.o
                0x0800420e                EXTI1_IRQHandler
 .text.EXTI2_IRQHandler
                0x08004214        0x6 .pio/build/weact_mini_h743vitx/SrcWrapper/src/stm32/interrupt.cpp.o
                0x08004214                EXTI2_IRQHandler
 .text.EXTI3_IRQHandler
                0x0800421a        0x6 .pio/build/weact_mini_h743vitx/SrcWrapper/src/stm32/interrupt.cpp.o
                0x0800421a                EXTI3_IRQHandler
 .text.EXTI4_IRQHandler
                0x08004220        0x6 .pio/build/weact_mini_h743vitx/SrcWrapper/src/stm32/interrupt.cpp.o
                0x08004220                EXTI4_IRQHandler
 .text.EXTI9_5_IRQHandler
                0x08004226       0x16 .pio/build/weact_mini_h743vitx/SrcWrapper/src/stm32/interrupt.cpp.o
                0x08004226                EXTI9_5_IRQHandler
 .text.EXTI15_10_IRQHandler
                0x0800423c       0x18 .pio/build/weact_mini_h743vitx/SrcWrapper/src/stm32/interrupt.cpp.o
                0x0800423c                EXTI15_10_IRQHandler
 .text.startup._GLOBAL__sub_I__Z22stm32_interrupt_enableP12GPIO_TypeDeftSt8functionIFvvEEm
                0x08004254       0xd4 .pio/build/weact_mini_h743vitx/SrcWrapper/src/stm32/interrupt.cpp.o
 .text.exit._GLOBAL__sub_D__Z22stm32_interrupt_enableP12GPIO_TypeDeftSt8functionIFvvEEm
                0x08004328       0x1c .pio/build/weact_mini_h743vitx/SrcWrapper/src/stm32/interrupt.cpp.o
 .text.configure_dualpad_switch
                0x08004344       0x24 .pio/build/weact_mini_h743vitx/SrcWrapper/src/stm32/pinmap.c.o
 .text.pin_in_pinmap
                0x08004368       0x1e .pio/build/weact_mini_h743vitx/SrcWrapper/src/stm32/pinmap.c.o
                0x08004368                pin_in_pinmap
 *fill*         0x08004386        0x2 
 .text.pin_function
                0x08004388      0x120 .pio/build/weact_mini_h743vitx/SrcWrapper/src/stm32/pinmap.c.o
                0x08004388                pin_function
 .text.pinmap_pinout
                0x080044a8       0x1a .pio/build/weact_mini_h743vitx/SrcWrapper/src/stm32/pinmap.c.o
                0x080044a8                pinmap_pinout
 .text.pinmap_find_peripheral
                0x080044c2       0x16 .pio/build/weact_mini_h743vitx/SrcWrapper/src/stm32/pinmap.c.o
                0x080044c2                pinmap_find_peripheral
 .text.pinmap_peripheral
                0x080044d8        0xc .pio/build/weact_mini_h743vitx/SrcWrapper/src/stm32/pinmap.c.o
                0x080044d8                pinmap_peripheral
 .text.pinmap_find_pin
                0x080044e4       0x16 .pio/build/weact_mini_h743vitx/SrcWrapper/src/stm32/pinmap.c.o
                0x080044e4                pinmap_find_pin
 .text.pinmap_pin
                0x080044fa        0xc .pio/build/weact_mini_h743vitx/SrcWrapper/src/stm32/pinmap.c.o
                0x080044fa                pinmap_pin
 .text.pinmap_find_function
                0x08004506       0x16 .pio/build/weact_mini_h743vitx/SrcWrapper/src/stm32/pinmap.c.o
                0x08004506                pinmap_find_function
 .text.pinmap_function
                0x0800451c        0xa .pio/build/weact_mini_h743vitx/SrcWrapper/src/stm32/pinmap.c.o
                0x0800451c                pinmap_function
 .text.pinmap_merge_peripheral
                0x08004526       0x14 .pio/build/weact_mini_h743vitx/SrcWrapper/src/stm32/pinmap.c.o
                0x08004526                pinmap_merge_peripheral
 *fill*         0x0800453a        0x2 
 .text.SystemInit
                0x0800453c       0xd0 .pio/build/weact_mini_h743vitx/SrcWrapper/src/stm32/system_stm32yyxx.c.o
                0x0800453c                SystemInit
 .text.get_timer_obj
                0x0800460c        0x4 .pio/build/weact_mini_h743vitx/SrcWrapper/src/stm32/timer.c.o
                0x0800460c                get_timer_obj
 .text.enableTimerClock
                0x08004610      0x21c .pio/build/weact_mini_h743vitx/SrcWrapper/src/stm32/timer.c.o
                0x08004610                enableTimerClock
 .text.disableTimerClock
                0x0800482c      0x13c .pio/build/weact_mini_h743vitx/SrcWrapper/src/stm32/timer.c.o
                0x0800482c                disableTimerClock
 .text.getTimerUpIrq
                0x08004968       0xc0 .pio/build/weact_mini_h743vitx/SrcWrapper/src/stm32/timer.c.o
                0x08004968                getTimerUpIrq
 .text.getTimerCCIrq
                0x08004a28       0xc4 .pio/build/weact_mini_h743vitx/SrcWrapper/src/stm32/timer.c.o
                0x08004a28                getTimerCCIrq
 .text.HAL_TIM_Base_MspInit
                0x08004aec       0x4e .pio/build/weact_mini_h743vitx/SrcWrapper/src/stm32/timer.c.o
                0x08004aec                HAL_TIM_Base_MspInit
 *fill*         0x08004b3a        0x2 
 .text.uart_init.part.0
                0x08004b3c      0x544 .pio/build/weact_mini_h743vitx/SrcWrapper/src/stm32/uart.c.o
 .text.uart_init
                0x08005080       0x16 .pio/build/weact_mini_h743vitx/SrcWrapper/src/stm32/uart.c.o
                0x08005080                uart_init
 *fill*         0x08005096        0x2 
 .text.serial_rx_active
                0x08005098       0x24 .pio/build/weact_mini_h743vitx/SrcWrapper/src/stm32/uart.c.o
                0x08005098                serial_rx_active
 .text.serial_tx_active
                0x080050bc       0x24 .pio/build/weact_mini_h743vitx/SrcWrapper/src/stm32/uart.c.o
                0x080050bc                serial_tx_active
 .text.uart_getc
                0x080050e0       0x38 .pio/build/weact_mini_h743vitx/SrcWrapper/src/stm32/uart.c.o
                0x080050e0                uart_getc
 .text.uart_attach_rx_callback
                0x08005118       0x40 .pio/build/weact_mini_h743vitx/SrcWrapper/src/stm32/uart.c.o
                0x08005118                uart_attach_rx_callback
 .text.uart_attach_tx_callback
                0x08005158       0x44 .pio/build/weact_mini_h743vitx/SrcWrapper/src/stm32/uart.c.o
                0x08005158                uart_attach_tx_callback
 .text.uart_enable_tx
                0x0800519c       0x20 .pio/build/weact_mini_h743vitx/SrcWrapper/src/stm32/uart.c.o
                0x0800519c                uart_enable_tx
 .text.uart_enable_rx
                0x080051bc       0x20 .pio/build/weact_mini_h743vitx/SrcWrapper/src/stm32/uart.c.o
                0x080051bc                uart_enable_rx
 .text.HAL_UART_RxCpltCallback
                0x080051dc        0x8 .pio/build/weact_mini_h743vitx/SrcWrapper/src/stm32/uart.c.o
                0x080051dc                HAL_UART_RxCpltCallback
 .text.HAL_UART_TxCpltCallback
                0x080051e4        0x8 .pio/build/weact_mini_h743vitx/SrcWrapper/src/stm32/uart.c.o
                0x080051e4                HAL_UART_TxCpltCallback
 .text.HAL_UART_ErrorCallback
                0x080051ec       0x48 .pio/build/weact_mini_h743vitx/SrcWrapper/src/stm32/uart.c.o
                0x080051ec                HAL_UART_ErrorCallback
 .text.USART1_IRQHandler
                0x08005234       0x18 .pio/build/weact_mini_h743vitx/SrcWrapper/src/stm32/uart.c.o
                0x08005234                USART1_IRQHandler
 .text.USART2_IRQHandler
                0x0800524c       0x1c .pio/build/weact_mini_h743vitx/SrcWrapper/src/stm32/uart.c.o
                0x0800524c                USART2_IRQHandler
 .text.USART3_IRQHandler
                0x08005268       0x1c .pio/build/weact_mini_h743vitx/SrcWrapper/src/stm32/uart.c.o
                0x08005268                USART3_IRQHandler
 .text.UART4_IRQHandler
                0x08005284       0x18 .pio/build/weact_mini_h743vitx/SrcWrapper/src/stm32/uart.c.o
                0x08005284                UART4_IRQHandler
 .text.UART5_IRQHandler
                0x0800529c       0x18 .pio/build/weact_mini_h743vitx/SrcWrapper/src/stm32/uart.c.o
                0x0800529c                UART5_IRQHandler
 .text.USART6_IRQHandler
                0x080052b4       0x18 .pio/build/weact_mini_h743vitx/SrcWrapper/src/stm32/uart.c.o
                0x080052b4                USART6_IRQHandler
 .text.LPUART1_IRQHandler
                0x080052cc       0x18 .pio/build/weact_mini_h743vitx/SrcWrapper/src/stm32/uart.c.o
                0x080052cc                LPUART1_IRQHandler
 .text.UART7_IRQHandler
                0x080052e4       0x18 .pio/build/weact_mini_h743vitx/SrcWrapper/src/stm32/uart.c.o
                0x080052e4                UART7_IRQHandler
 .text.UART8_IRQHandler
                0x080052fc       0x18 .pio/build/weact_mini_h743vitx/SrcWrapper/src/stm32/uart.c.o
                0x080052fc                UART8_IRQHandler
 .text.HAL_UARTEx_WakeupCallback
                0x08005314        0xa .pio/build/weact_mini_h743vitx/SrcWrapper/src/stm32/uart.c.o
                0x08005314                HAL_UARTEx_WakeupCallback
 *fill*         0x0800531e        0x2 
 .text._sbrk    0x08005320       0x3c .pio/build/weact_mini_h743vitx/SrcWrapper/src/syscalls.c.o
                0x08005320                _sbrk
 .text._exit    0x0800535c        0x2 .pio/build/weact_mini_h743vitx/SrcWrapper/src/syscalls.c.o
                0x0800535c                _exit
 *fill*         0x0800535e        0x2 
 .text._kill    0x08005360       0x10 .pio/build/weact_mini_h743vitx/SrcWrapper/src/syscalls.c.o
                0x08005360                _kill
 .text._getpid  0x08005370        0x4 .pio/build/weact_mini_h743vitx/SrcWrapper/src/syscalls.c.o
                0x08005370                _getpid
 .text.setup    0x08005374       0x38 .pio/build/weact_mini_h743vitx/src/main.cpp.o
                0x08005374                setup
 .text.loop     0x080053ac       0x70 .pio/build/weact_mini_h743vitx/src/main.cpp.o
                0x080053ac                loop
 .text._ZN5Print5flushEv
                0x0800541c        0x2 .pio/build/weact_mini_h743vitx/libFrameworkArduino.a(HardwareSerial.cpp.o)
                0x0800541c                Print::flush()
 .text._ZN14HardwareSerial9availableEv
                0x0800541e       0x10 .pio/build/weact_mini_h743vitx/libFrameworkArduino.a(HardwareSerial.cpp.o)
                0x0800541e                HardwareSerial::available()
 .text._ZN14HardwareSerial4peekEv
                0x0800542e       0x1a .pio/build/weact_mini_h743vitx/libFrameworkArduino.a(HardwareSerial.cpp.o)
                0x0800542e                HardwareSerial::peek()
 .text._ZN14HardwareSerial17availableForWriteEv
                0x08005448       0x1c .pio/build/weact_mini_h743vitx/libFrameworkArduino.a(HardwareSerial.cpp.o)
                0x08005448                HardwareSerial::availableForWrite()
 .text._ZN14HardwareSerial5writeEh
                0x08005464       0x18 .pio/build/weact_mini_h743vitx/libFrameworkArduino.a(HardwareSerial.cpp.o)
                0x08005464                HardwareSerial::write(unsigned char)
 .text._ZN14HardwareSerial16_rx_complete_irqEP8serial_s
                0x0800547c       0x38 .pio/build/weact_mini_h743vitx/libFrameworkArduino.a(HardwareSerial.cpp.o)
                0x0800547c                HardwareSerial::_rx_complete_irq(serial_s*)
 .text._ZN14HardwareSerial16_tx_complete_irqEP8serial_s
                0x080054b4       0x64 .pio/build/weact_mini_h743vitx/libFrameworkArduino.a(HardwareSerial.cpp.o)
                0x080054b4                HardwareSerial::_tx_complete_irq(serial_s*)
 .text._ZN14HardwareSerial5writeEPKhj
                0x08005518       0xe4 .pio/build/weact_mini_h743vitx/libFrameworkArduino.a(HardwareSerial.cpp.o)
                0x08005518                HardwareSerial::write(unsigned char const*, unsigned int)
 .text._ZN14HardwareSerial5flushEm
                0x080055fc       0x36 .pio/build/weact_mini_h743vitx/libFrameworkArduino.a(HardwareSerial.cpp.o)
                0x080055fc                HardwareSerial::flush(unsigned long)
 .text._ZN14HardwareSerial4initE7PinNameS0_S0_S0_
                0x08005632       0x32 .pio/build/weact_mini_h743vitx/libFrameworkArduino.a(HardwareSerial.cpp.o)
                0x08005632                HardwareSerial::init(PinName, PinName, PinName, PinName)
 .text._ZN14HardwareSerialC2EPv16HalfDuplexMode_t
                0x08005664       0x94 .pio/build/weact_mini_h743vitx/libFrameworkArduino.a(HardwareSerial.cpp.o)
                0x08005664                HardwareSerial::HardwareSerial(void*, HalfDuplexMode_t)
                0x08005664                HardwareSerial::HardwareSerial(void*, HalfDuplexMode_t)
 .text._ZN14HardwareSerial18enableHalfDuplexRxEv
                0x080056f8       0x2e .pio/build/weact_mini_h743vitx/libFrameworkArduino.a(HardwareSerial.cpp.o)
                0x080056f8                HardwareSerial::enableHalfDuplexRx()
 *fill*         0x08005726        0x2 
 .text._ZN14HardwareSerial5beginEmh
                0x08005728       0x7c .pio/build/weact_mini_h743vitx/libFrameworkArduino.a(HardwareSerial.cpp.o)
                0x08005728                HardwareSerial::begin(unsigned long, unsigned char)
 .text._ZN14HardwareSerial4readEv
                0x080057a4       0x2e .pio/build/weact_mini_h743vitx/libFrameworkArduino.a(HardwareSerial.cpp.o)
                0x080057a4                HardwareSerial::read()
 *fill*         0x080057d2        0x2 
 .text.startup._GLOBAL__sub_I_SerialLP1
                0x080057d4       0x14 .pio/build/weact_mini_h743vitx/libFrameworkArduino.a(HardwareSerial.cpp.o)
 .text._ZN5Print5writeEPKc
                0x080057e8       0x20 .pio/build/weact_mini_h743vitx/libFrameworkArduino.a(Print.cpp.o)
                0x080057e8                Print::write(char const*)
 .text._ZN5Print5printERK6String
                0x08005808        0xa .pio/build/weact_mini_h743vitx/libFrameworkArduino.a(Print.cpp.o)
                0x08005808                Print::print(String const&)
 *fill*         0x08005812        0x2 
 .text._ZN5Print7printlnEv
                0x08005814       0x10 .pio/build/weact_mini_h743vitx/libFrameworkArduino.a(Print.cpp.o)
                0x08005814                Print::println()
 .text._ZN5Print7printlnERK6String
                0x08005824       0x14 .pio/build/weact_mini_h743vitx/libFrameworkArduino.a(Print.cpp.o)
                0x08005824                Print::println(String const&)
 .text._ZN6Stream9timedReadEv
                0x08005838       0x2a .pio/build/weact_mini_h743vitx/libFrameworkArduino.a(Stream.cpp.o)
                0x08005838                Stream::timedRead()
 .text._ZN6Stream9readBytesEPcj
                0x08005862       0x22 .pio/build/weact_mini_h743vitx/libFrameworkArduino.a(Stream.cpp.o)
                0x08005862                Stream::readBytes(char*, unsigned int)
 .text._ZN6Stream14readBytesUntilEcPcj
                0x08005884       0x30 .pio/build/weact_mini_h743vitx/libFrameworkArduino.a(Stream.cpp.o)
                0x08005884                Stream::readBytesUntil(char, char*, unsigned int)
 .text._ZN6StringD2Ev
                0x080058b4        0xe .pio/build/weact_mini_h743vitx/libFrameworkArduino.a(WString.cpp.o)
                0x080058b4                String::~String()
                0x080058b4                String::~String()
 .text._ZN6String10invalidateEv
                0x080058c2       0x16 .pio/build/weact_mini_h743vitx/libFrameworkArduino.a(WString.cpp.o)
                0x080058c2                String::invalidate()
 .text._ZN6String12changeBufferEj
                0x080058d8       0x18 .pio/build/weact_mini_h743vitx/libFrameworkArduino.a(WString.cpp.o)
                0x080058d8                String::changeBuffer(unsigned int)
 .text._ZN6String7reserveEj
                0x080058f0       0x22 .pio/build/weact_mini_h743vitx/libFrameworkArduino.a(WString.cpp.o)
                0x080058f0                String::reserve(unsigned int)
 .text._ZN6String4copyEPKcj
                0x08005912       0x26 .pio/build/weact_mini_h743vitx/libFrameworkArduino.a(WString.cpp.o)
                0x08005912                String::copy(char const*, unsigned int)
 .text._ZN6StringC2EPKc
                0x08005938       0x24 .pio/build/weact_mini_h743vitx/libFrameworkArduino.a(WString.cpp.o)
                0x08005938                String::String(char const*)
                0x08005938                String::String(char const*)
 .text._ZN6StringaSEPKc
                0x0800595c       0x22 .pio/build/weact_mini_h743vitx/libFrameworkArduino.a(WString.cpp.o)
                0x0800595c                String::operator=(char const*)
 .text._ZN6StringC2Ehh
                0x0800597e       0x22 .pio/build/weact_mini_h743vitx/libFrameworkArduino.a(WString.cpp.o)
                0x0800597e                String::String(unsigned char, unsigned char)
                0x0800597e                String::String(unsigned char, unsigned char)
 .text._ZN6String6concatEPKcj
                0x080059a0       0x2e .pio/build/weact_mini_h743vitx/libFrameworkArduino.a(WString.cpp.o)
                0x080059a0                String::concat(char const*, unsigned int)
 .text._ZplRK15StringSumHelperRK6String
                0x080059ce       0x18 .pio/build/weact_mini_h743vitx/libFrameworkArduino.a(WString.cpp.o)
                0x080059ce                operator+(StringSumHelper const&, String const&)
 .text.ultoa    0x080059e6       0x64 .pio/build/weact_mini_h743vitx/libFrameworkArduino.a(itoa.c.o)
                0x080059e6                ultoa
 .text.utoa     0x08005a4a        0x4 .pio/build/weact_mini_h743vitx/libFrameworkArduino.a(itoa.c.o)
                0x08005a4a                utoa
 *fill*         0x08005a4e        0x2 
 .text.startup._Z7premainv
                0x08005a50       0x94 .pio/build/weact_mini_h743vitx/libFrameworkArduino.a(main.cpp.o)
                0x08005a50                premain()
 .text.startup.main
                0x08005ae4       0x14 .pio/build/weact_mini_h743vitx/libFrameworkArduino.a(main.cpp.o)
                0x08005ae4                main
 .text.Reset_Handler
                0x08005af8       0x50 .pio/build/weact_mini_h743vitx/libFrameworkArduino.a(startup_stm32yyxx.S.o)
                0x08005af8                Reset_Handler
 .text.Default_Handler
                0x08005b48        0x2 .pio/build/weact_mini_h743vitx/libFrameworkArduino.a(startup_stm32yyxx.S.o)
                0x08005b48                RTC_Alarm_IRQHandler
                0x08005b48                HRTIM1_Master_IRQHandler
                0x08005b48                DebugMon_Handler
                0x08005b48                SPI4_IRQHandler
                0x08005b48                BDMA_Channel6_IRQHandler
                0x08005b48                DMA2_Stream5_IRQHandler
                0x08005b48                HardFault_Handler
                0x08005b48                HRTIM1_FLT_IRQHandler
                0x08005b48                JPEG_IRQHandler
                0x08005b48                DMA1_Stream5_IRQHandler
                0x08005b48                BDMA_Channel1_IRQHandler
                0x08005b48                HRTIM1_TIMD_IRQHandler
                0x08005b48                TAMP_STAMP_IRQHandler
                0x08005b48                PendSV_Handler
                0x08005b48                NMI_Handler
                0x08005b48                LPTIM4_IRQHandler
                0x08005b48                LPTIM2_IRQHandler
                0x08005b48                DFSDM1_FLT1_IRQHandler
                0x08005b48                DMAMUX2_OVR_IRQHandler
                0x08005b48                I2C3_ER_IRQHandler
                0x08005b48                DFSDM1_FLT2_IRQHandler
                0x08005b48                MDMA_IRQHandler
                0x08005b48                LPTIM3_IRQHandler
                0x08005b48                HSEM1_IRQHandler
                0x08005b48                I2C2_EV_IRQHandler
                0x08005b48                DMA1_Stream2_IRQHandler
                0x08005b48                FPU_IRQHandler
                0x08005b48                OTG_HS_WKUP_IRQHandler
                0x08005b48                FDCAN1_IT1_IRQHandler
                0x08005b48                UsageFault_Handler
                0x08005b48                LTDC_ER_IRQHandler
                0x08005b48                DMA2_Stream2_IRQHandler
                0x08005b48                HRTIM1_TIME_IRQHandler
                0x08005b48                SPI1_IRQHandler
                0x08005b48                DCMI_IRQHandler
                0x08005b48                HRTIM1_TIMC_IRQHandler
                0x08005b48                DMA2_Stream3_IRQHandler
                0x08005b48                SAI2_IRQHandler
                0x08005b48                DFSDM1_FLT3_IRQHandler
                0x08005b48                BDMA_Channel7_IRQHandler
                0x08005b48                LPTIM5_IRQHandler
                0x08005b48                ADC3_IRQHandler
                0x08005b48                DMA2_Stream0_IRQHandler
                0x08005b48                BDMA_Channel2_IRQHandler
                0x08005b48                QUADSPI_IRQHandler
                0x08005b48                I2C1_EV_IRQHandler
                0x08005b48                DMA1_Stream6_IRQHandler
                0x08005b48                DMAMUX1_OVR_IRQHandler
                0x08005b48                DMA1_Stream1_IRQHandler
                0x08005b48                BDMA_Channel5_IRQHandler
                0x08005b48                RCC_IRQHandler
                0x08005b48                TIM1_TRG_COM_IRQHandler
                0x08005b48                Default_Handler
                0x08005b48                ECC_IRQHandler
                0x08005b48                CEC_IRQHandler
                0x08005b48                BDMA_Channel0_IRQHandler
                0x08005b48                ADC_IRQHandler
                0x08005b48                DMA1_Stream7_IRQHandler
                0x08005b48                HRTIM1_TIMA_IRQHandler
                0x08005b48                SPI5_IRQHandler
                0x08005b48                SDMMC1_IRQHandler
                0x08005b48                DMA2_Stream7_IRQHandler
                0x08005b48                PVD_AVD_IRQHandler
                0x08005b48                I2C3_EV_IRQHandler
                0x08005b48                RTC_WKUP_IRQHandler
                0x08005b48                LTDC_IRQHandler
                0x08005b48                SAI3_IRQHandler
                0x08005b48                ETH_WKUP_IRQHandler
                0x08005b48                SPDIF_RX_IRQHandler
                0x08005b48                SPI2_IRQHandler
                0x08005b48                OTG_HS_EP1_IN_IRQHandler
                0x08005b48                MemManage_Handler
                0x08005b48                DMA1_Stream0_IRQHandler
                0x08005b48                SVC_Handler
                0x08005b48                CRS_IRQHandler
                0x08005b48                RNG_IRQHandler
                0x08005b48                HRTIM1_TIMB_IRQHandler
                0x08005b48                FDCAN2_IT1_IRQHandler
                0x08005b48                ETH_IRQHandler
                0x08005b48                BDMA_Channel4_IRQHandler
                0x08005b48                OTG_HS_EP1_OUT_IRQHandler
                0x08005b48                WWDG_IRQHandler
                0x08005b48                SPI6_IRQHandler
                0x08005b48                MDIOS_IRQHandler
                0x08005b48                I2C4_EV_IRQHandler
                0x08005b48                FDCAN2_IT0_IRQHandler
                0x08005b48                FDCAN1_IT0_IRQHandler
                0x08005b48                OTG_FS_WKUP_IRQHandler
                0x08005b48                OTG_HS_IRQHandler
                0x08005b48                DMA2D_IRQHandler
                0x08005b48                TIM1_BRK_IRQHandler
                0x08005b48                SDMMC2_IRQHandler
                0x08005b48                OTG_FS_EP1_OUT_IRQHandler
                0x08005b48                BDMA_Channel3_IRQHandler
                0x08005b48                MDIOS_WKUP_IRQHandler
                0x08005b48                DFSDM1_FLT0_IRQHandler
                0x08005b48                SAI4_IRQHandler
                0x08005b48                I2C2_ER_IRQHandler
                0x08005b48                DMA2_Stream1_IRQHandler
                0x08005b48                FLASH_IRQHandler
                0x08005b48                DMA2_Stream4_IRQHandler
                0x08005b48                BusFault_Handler
                0x08005b48                OTG_FS_IRQHandler
                0x08005b48                SPI3_IRQHandler
                0x08005b48                WAKEUP_PIN_IRQHandler
                0x08005b48                DMA1_Stream4_IRQHandler
                0x08005b48                OTG_FS_EP1_IN_IRQHandler
                0x08005b48                I2C1_ER_IRQHandler
                0x08005b48                FMC_IRQHandler
                0x08005b48                FDCAN_CAL_IRQHandler
                0x08005b48                SWPMI1_IRQHandler
                0x08005b48                COMP1_IRQHandler
                0x08005b48                LPTIM1_IRQHandler
                0x08005b48                I2C4_ER_IRQHandler
                0x08005b48                DMA2_Stream6_IRQHandler
                0x08005b48                SAI1_IRQHandler
                0x08005b48                DMA1_Stream3_IRQHandler
 *fill*         0x08005b4a        0x2 
 .text.pinMode  0x08005b4c       0xd4 .pio/build/weact_mini_h743vitx/libFrameworkArduino.a(wiring_digital.c.o)
                0x08005b4c                pinMode
 .text.digitalWrite
                0x08005c20       0x70 .pio/build/weact_mini_h743vitx/libFrameworkArduino.a(wiring_digital.c.o)
                0x08005c20                digitalWrite
 .text.digitalRead
                0x08005c90       0x68 .pio/build/weact_mini_h743vitx/libFrameworkArduino.a(wiring_digital.c.o)
                0x08005c90                digitalRead
 .text.millis   0x08005cf8        0x4 .pio/build/weact_mini_h743vitx/libFrameworkArduino.a(wiring_time.c.o)
                0x08005cf8                millis
 .text._Z14serialEventRunv
                0x08005cfc       0x1c .pio/build/weact_mini_h743vitx/libFrameworkArduino.a(WSerial.cpp.o)
                0x08005cfc                serialEventRun()
 .text.init     0x08005d18        0x4 .pio/build/weact_mini_h743vitx/libFrameworkArduino.a(board.c.o)
                0x08005d18                init
 .text.__udivmoddi4
                0x08005d1c      0x2bc /home/jlaustill/.platformio/packages/toolchain-gccarmnoneeabi/bin/../lib/gcc/arm-none-eabi/12.3.1/thumb/v7e-m+fp/hard/libgcc.a(_udivmoddi4.o)
                0x08005d1c                __udivmoddi4
 .text.unlikely._ZSt25__throw_bad_function_callv
                0x08005fd8        0x6 /home/jlaustill/.platformio/packages/toolchain-gccarmnoneeabi/bin/../lib/gcc/arm-none-eabi/12.3.1/../../../../arm-none-eabi/lib/thumb/v7e-m+fp/hard/libstdc++_nano.a(functional.o)
                0x08005fd8                std::__throw_bad_function_call()
 .text.abort    0x08005fde        0xe /home/jlaustill/.platformio/packages/toolchain-gccarmnoneeabi/bin/../lib/gcc/arm-none-eabi/12.3.1/../../../../arm-none-eabi/lib/thumb/v7e-m+fp/hard/libc_nano.a(libc_a-abort.o)
                0x08005fde                abort
 .text.malloc   0x08005fec       0x10 /home/jlaustill/.platformio/packages/toolchain-gccarmnoneeabi/bin/../lib/gcc/arm-none-eabi/12.3.1/../../../../arm-none-eabi/lib/thumb/v7e-m+fp/hard/libc_nano.a(libc_a-malloc.o)
                0x08005fec                malloc
 .text.free     0x08005ffc       0x10 /home/jlaustill/.platformio/packages/toolchain-gccarmnoneeabi/bin/../lib/gcc/arm-none-eabi/12.3.1/../../../../arm-none-eabi/lib/thumb/v7e-m+fp/hard/libc_nano.a(libc_a-malloc.o)
                0x08005ffc                free
 .text.sbrk_aligned
                0x0800600c       0x44 /home/jlaustill/.platformio/packages/toolchain-gccarmnoneeabi/bin/../lib/gcc/arm-none-eabi/12.3.1/../../../../arm-none-eabi/lib/thumb/v7e-m+fp/hard/libc_nano.a(libc_a-mallocr.o)
 .text._malloc_r
                0x08006050      0x100 /home/jlaustill/.platformio/packages/toolchain-gccarmnoneeabi/bin/../lib/gcc/arm-none-eabi/12.3.1/../../../../arm-none-eabi/lib/thumb/v7e-m+fp/hard/libc_nano.a(libc_a-mallocr.o)
                0x08006050                _malloc_r
 .text.__malloc_lock
                0x08006150        0xc /home/jlaustill/.platformio/packages/toolchain-gccarmnoneeabi/bin/../lib/gcc/arm-none-eabi/12.3.1/../../../../arm-none-eabi/lib/thumb/v7e-m+fp/hard/libc_nano.a(libc_a-mlock.o)
                0x08006150                __malloc_lock
 .text.__malloc_unlock
                0x0800615c        0xc /home/jlaustill/.platformio/packages/toolchain-gccarmnoneeabi/bin/../lib/gcc/arm-none-eabi/12.3.1/../../../../arm-none-eabi/lib/thumb/v7e-m+fp/hard/libc_nano.a(libc_a-mlock.o)
                0x0800615c                __malloc_unlock
 .text.realloc  0x08006168       0x10 /home/jlaustill/.platformio/packages/toolchain-gccarmnoneeabi/bin/../lib/gcc/arm-none-eabi/12.3.1/../../../../arm-none-eabi/lib/thumb/v7e-m+fp/hard/libc_nano.a(libc_a-realloc.o)
                0x08006168                realloc
 .text._realloc_r
                0x08006178       0x5c /home/jlaustill/.platformio/packages/toolchain-gccarmnoneeabi/bin/../lib/gcc/arm-none-eabi/12.3.1/../../../../arm-none-eabi/lib/thumb/v7e-m+fp/hard/libc_nano.a(libc_a-reallocr.o)
                0x08006178                _realloc_r
 .text.memset   0x080061d4       0x10 /home/jlaustill/.platformio/packages/toolchain-gccarmnoneeabi/bin/../lib/gcc/arm-none-eabi/12.3.1/../../../../arm-none-eabi/lib/thumb/v7e-m+fp/hard/libc_nano.a(libc_a-memset.o)
                0x080061d4                memset
 .text._raise_r
                0x080061e4       0x50 /home/jlaustill/.platformio/packages/toolchain-gccarmnoneeabi/bin/../lib/gcc/arm-none-eabi/12.3.1/../../../../arm-none-eabi/lib/thumb/v7e-m+fp/hard/libc_nano.a(libc_a-signal.o)
                0x080061e4                _raise_r
 .text.raise    0x08006234       0x10 /home/jlaustill/.platformio/packages/toolchain-gccarmnoneeabi/bin/../lib/gcc/arm-none-eabi/12.3.1/../../../../arm-none-eabi/lib/thumb/v7e-m+fp/hard/libc_nano.a(libc_a-signal.o)
                0x08006234                raise
 .text._kill_r  0x08006244       0x24 /home/jlaustill/.platformio/packages/toolchain-gccarmnoneeabi/bin/../lib/gcc/arm-none-eabi/12.3.1/../../../../arm-none-eabi/lib/thumb/v7e-m+fp/hard/libc_nano.a(libc_a-signalr.o)
                0x08006244                _kill_r
 .text._getpid_r
                0x08006268        0x4 /home/jlaustill/.platformio/packages/toolchain-gccarmnoneeabi/bin/../lib/gcc/arm-none-eabi/12.3.1/../../../../arm-none-eabi/lib/thumb/v7e-m+fp/hard/libc_nano.a(libc_a-signalr.o)
                0x08006268                _getpid_r
 .text._sbrk_r  0x0800626c       0x20 /home/jlaustill/.platformio/packages/toolchain-gccarmnoneeabi/bin/../lib/gcc/arm-none-eabi/12.3.1/../../../../arm-none-eabi/lib/thumb/v7e-m+fp/hard/libc_nano.a(libc_a-sbrkr.o)
                0x0800626c                _sbrk_r
 .text.__libc_init_array
                0x0800628c       0x48 /home/jlaustill/.platformio/packages/toolchain-gccarmnoneeabi/bin/../lib/gcc/arm-none-eabi/12.3.1/../../../../arm-none-eabi/lib/thumb/v7e-m+fp/hard/libc_nano.a(libc_a-init.o)
                0x0800628c                __libc_init_array
 .text.__retarget_lock_acquire_recursive
                0x080062d4        0x2 /home/jlaustill/.platformio/packages/toolchain-gccarmnoneeabi/bin/../lib/gcc/arm-none-eabi/12.3.1/../../../../arm-none-eabi/lib/thumb/v7e-m+fp/hard/libc_nano.a(libc_a-lock.o)
                0x080062d4                __retarget_lock_acquire_recursive
 .text.__retarget_lock_release_recursive
                0x080062d6        0x2 /home/jlaustill/.platformio/packages/toolchain-gccarmnoneeabi/bin/../lib/gcc/arm-none-eabi/12.3.1/../../../../arm-none-eabi/lib/thumb/v7e-m+fp/hard/libc_nano.a(libc_a-lock.o)
                0x080062d6                __retarget_lock_release_recursive
 .text.strcpy   0x080062d8       0x10 /home/jlaustill/.platformio/packages/toolchain-gccarmnoneeabi/bin/../lib/gcc/arm-none-eabi/12.3.1/../../../../arm-none-eabi/lib/thumb/v7e-m+fp/hard/libc_nano.a(libc_a-strcpy.o)
                0x080062d8                strcpy
 .text.memcpy   0x080062e8       0x1c /home/jlaustill/.platformio/packages/toolchain-gccarmnoneeabi/bin/../lib/gcc/arm-none-eabi/12.3.1/../../../../arm-none-eabi/lib/thumb/v7e-m+fp/hard/libc_nano.a(libc_a-memcpy-stub.o)
                0x080062e8                memcpy
 .text._free_r  0x08006304       0x94 /home/jlaustill/.platformio/packages/toolchain-gccarmnoneeabi/bin/../lib/gcc/arm-none-eabi/12.3.1/../../../../arm-none-eabi/lib/thumb/v7e-m+fp/hard/libc_nano.a(libc_a-freer.o)
                0x08006304                _free_r
 .text._malloc_usable_size_r
                0x08006398       0x10 /home/jlaustill/.platformio/packages/toolchain-gccarmnoneeabi/bin/../lib/gcc/arm-none-eabi/12.3.1/../../../../arm-none-eabi/lib/thumb/v7e-m+fp/hard/libc_nano.a(libc_a-msizer.o)
                0x08006398                _malloc_usable_size_r
 *(.glue_7)
 .glue_7        0x080063a8        0x0 linker stubs
 *(.glue_7t)
 .glue_7t       0x080063a8        0x0 linker stubs
 *(.eh_frame)
 .eh_frame      0x080063a8        0x0 /home/jlaustill/.platformio/packages/toolchain-gccarmnoneeabi/bin/../lib/gcc/arm-none-eabi/12.3.1/thumb/v7e-m+fp/hard/crtbegin.o
 *(.init)
 .init          0x080063a8        0x4 /home/jlaustill/.platformio/packages/toolchain-gccarmnoneeabi/bin/../lib/gcc/arm-none-eabi/12.3.1/thumb/v7e-m+fp/hard/crti.o
                0x080063a8                _init
 .init          0x080063ac        0x8 /home/jlaustill/.platformio/packages/toolchain-gccarmnoneeabi/bin/../lib/gcc/arm-none-eabi/12.3.1/thumb/v7e-m+fp/hard/crtn.o
 *(.fini)
 .fini          0x080063b4        0x4 /home/jlaustill/.platformio/packages/toolchain-gccarmnoneeabi/bin/../lib/gcc/arm-none-eabi/12.3.1/thumb/v7e-m+fp/hard/crti.o
                0x080063b4                _fini
 .fini          0x080063b8        0x8 /home/jlaustill/.platformio/packages/toolchain-gccarmnoneeabi/bin/../lib/gcc/arm-none-eabi/12.3.1/thumb/v7e-m+fp/hard/crtn.o
                0x080063c0                        . = ALIGN (0x4)
                0x080063c0                        _etext = .

.vfp11_veneer   0x080063c0        0x0
 .vfp11_veneer  0x080063c0        0x0 linker stubs

.v4_bx          0x080063c0        0x0
 .v4_bx         0x080063c0        0x0 linker stubs

.iplt           0x080063c0        0x0
 .iplt          0x080063c0        0x0 /home/jlaustill/.platformio/packages/toolchain-gccarmnoneeabi/bin/../lib/gcc/arm-none-eabi/12.3.1/thumb/v7e-m+fp/hard/crtbegin.o

.rodata         0x080063c0      0x960
                0x080063c0                        . = ALIGN (0x4)
 *(.rodata)
 *(.rodata*)
 .rodata.PinMap_UART_CTS
                0x080063c0       0x90 .pio/build/weact_mini_h743vitx/FrameworkArduinoVariant/PeripheralPins_WeActMiniH7xx.c.o
                0x080063c0                PinMap_UART_CTS
 .rodata.PinMap_UART_RTS
                0x08006450       0x90 .pio/build/weact_mini_h743vitx/FrameworkArduinoVariant/PeripheralPins_WeActMiniH7xx.c.o
                0x08006450                PinMap_UART_RTS
 .rodata.PinMap_UART_RX
                0x080064e0      0x120 .pio/build/weact_mini_h743vitx/FrameworkArduinoVariant/PeripheralPins_WeActMiniH7xx.c.o
                0x080064e0                PinMap_UART_RX
 .rodata.PinMap_UART_TX
                0x08006600      0x120 .pio/build/weact_mini_h743vitx/FrameworkArduinoVariant/PeripheralPins_WeActMiniH7xx.c.o
                0x08006600                PinMap_UART_TX
 .rodata.PinMap_TIM
                0x08006720      0x36c .pio/build/weact_mini_h743vitx/FrameworkArduinoVariant/PeripheralPins_WeActMiniH7xx.c.o
                0x08006720                PinMap_TIM
 .rodata.PinMap_DAC
                0x08006a8c       0x24 .pio/build/weact_mini_h743vitx/FrameworkArduinoVariant/PeripheralPins_WeActMiniH7xx.c.o
                0x08006a8c                PinMap_DAC
 .rodata.analogInputPin
                0x08006ab0       0x40 .pio/build/weact_mini_h743vitx/FrameworkArduinoVariant/variant_WeActMiniH7xx.cpp.o
                0x08006ab0                analogInputPin
 .rodata.digitalPin
                0x08006af0      0x148 .pio/build/weact_mini_h743vitx/FrameworkArduinoVariant/variant_WeActMiniH7xx.cpp.o
                0x08006af0                digitalPin
 .rodata.UARTPrescTable
                0x08006c38       0x18 .pio/build/weact_mini_h743vitx/SrcWrapper/src/HAL/stm32yyxx_hal_uart.c.o
                0x08006c38                UARTPrescTable
 .rodata.pin_map_ll
                0x08006c50       0x40 .pio/build/weact_mini_h743vitx/SrcWrapper/src/stm32/pinmap.c.o
                0x08006c50                pin_map_ll
 .rodata.PinMapAnalogSwitch
                0x08006c90       0x28 .pio/build/weact_mini_h743vitx/SrcWrapper/src/stm32/pinmap.c.o
                0x08006c90                PinMapAnalogSwitch
 .rodata.D1CorePrescTable
                0x08006cb8       0x10 .pio/build/weact_mini_h743vitx/SrcWrapper/src/stm32/system_stm32yyxx.c.o
                0x08006cb8                D1CorePrescTable
 .rodata.loop.str1.1
                0x08006cc8        0xe .pio/build/weact_mini_h743vitx/src/main.cpp.o
 *fill*         0x08006cd6        0x2 
 .rodata.CSWTCH.73
                0x08006cd8        0xc .pio/build/weact_mini_h743vitx/libFrameworkArduino.a(HardwareSerial.cpp.o)
 .rodata.CSWTCH.72
                0x08006ce4        0x5 .pio/build/weact_mini_h743vitx/libFrameworkArduino.a(HardwareSerial.cpp.o)
 *fill*         0x08006ce9        0x3 
 .rodata._ZTV14HardwareSerial
                0x08006cec       0x30 .pio/build/weact_mini_h743vitx/libFrameworkArduino.a(HardwareSerial.cpp.o)
                0x08006cec                vtable for HardwareSerial
 .rodata._ZN5Print7printlnEv.str1.1
                0x08006d1c        0x3 .pio/build/weact_mini_h743vitx/libFrameworkArduino.a(Print.cpp.o)
                0x08006d20                        . = ALIGN (0x4)
 *fill*         0x08006d1f        0x1 

.ARM.extab
 *(.ARM.extab* .gnu.linkonce.armextab.*)

.ARM            0x08006d20        0x8
                0x08006d20                        __exidx_start = .
 *(.ARM.exidx*)
 .ARM.exidx     0x08006d20        0x8 /home/jlaustill/.platformio/packages/toolchain-gccarmnoneeabi/bin/../lib/gcc/arm-none-eabi/12.3.1/../../../../arm-none-eabi/lib/thumb/v7e-m+fp/hard/libc_nano.a(libc_a-strlen.o)
 .ARM.exidx.text.__udivmoddi4
                0x08006d28        0x0 /home/jlaustill/.platformio/packages/toolchain-gccarmnoneeabi/bin/../lib/gcc/arm-none-eabi/12.3.1/thumb/v7e-m+fp/hard/libgcc.a(_udivmoddi4.o)
                                  0x8 (size before relaxing)
                0x08006d28                        __exidx_end = .

.rel.dyn        0x08006d28        0x0
 .rel.iplt      0x08006d28        0x0 /home/jlaustill/.platformio/packages/toolchain-gccarmnoneeabi/bin/../lib/gcc/arm-none-eabi/12.3.1/thumb/v7e-m+fp/hard/crtbegin.o

.preinit_array  0x08006d28        0x0
                0x08006d28                        PROVIDE (__preinit_array_start = .)
 *(.preinit_array*)
                0x08006d28                        PROVIDE (__preinit_array_end = .)

.init_array     0x08006d28       0x10
                0x08006d28                        PROVIDE (__init_array_start = .)
 *(SORT_BY_NAME(.init_array.*))
 .init_array.00101
                0x08006d28        0x4 .pio/build/weact_mini_h743vitx/libFrameworkArduino.a(main.cpp.o)
 *(.init_array*)
 .init_array    0x08006d2c        0x4 /home/jlaustill/.platformio/packages/toolchain-gccarmnoneeabi/bin/../lib/gcc/arm-none-eabi/12.3.1/thumb/v7e-m+fp/hard/crtbegin.o
 .init_array    0x08006d30        0x4 .pio/build/weact_mini_h743vitx/SrcWrapper/src/stm32/interrupt.cpp.o
 .init_array    0x08006d34        0x4 .pio/build/weact_mini_h743vitx/libFrameworkArduino.a(HardwareSerial.cpp.o)
                0x08006d38                        PROVIDE (__init_array_end = .)

.fini_array     0x08006d38        0x8
                0x08006d38                        PROVIDE (__fini_array_start = .)
 *(SORT_BY_NAME(.fini_array.*))
 *(.fini_array*)
 .fini_array    0x08006d38        0x4 /home/jlaustill/.platformio/packages/toolchain-gccarmnoneeabi/bin/../lib/gcc/arm-none-eabi/12.3.1/thumb/v7e-m+fp/hard/crtbegin.o
 .fini_array    0x08006d3c        0x4 .pio/build/weact_mini_h743vitx/SrcWrapper/src/stm32/interrupt.cpp.o
                0x08006d40                        PROVIDE (__fini_array_end = .)
                0x08006d40                        _sidata = LOADADDR (.data)

.data           0x24000000       0xb8 load address 0x08006d40
                0x24000000                        . = ALIGN (0x4)
                0x24000000                        _sdata = .
 *(.data)
 *(.data*)
 .data.uwTickFreq
                0x24000000        0x1 .pio/build/weact_mini_h743vitx/SrcWrapper/src/HAL/stm32yyxx_hal.c.o
                0x24000000                uwTickFreq
 *fill*         0x24000001        0x3 
 .data.uwTickPrio
                0x24000004        0x4 .pio/build/weact_mini_h743vitx/SrcWrapper/src/HAL/stm32yyxx_hal.c.o
                0x24000004                uwTickPrio
 .data.GPIOPort
                0x24000008       0x2c .pio/build/weact_mini_h743vitx/SrcWrapper/src/stm32/PortNames.c.o
                0x24000008                GPIOPort
 .data.hcrc     0x24000034       0x24 .pio/build/weact_mini_h743vitx/SrcWrapper/src/stm32/hw_config.c.o
                0x24000034                hcrc
 .data.SystemD2Clock
                0x24000058        0x4 .pio/build/weact_mini_h743vitx/SrcWrapper/src/stm32/system_stm32yyxx.c.o
                0x24000058                SystemD2Clock
 .data.SystemCoreClock
                0x2400005c        0x4 .pio/build/weact_mini_h743vitx/SrcWrapper/src/stm32/system_stm32yyxx.c.o
                0x2400005c                SystemCoreClock
 .data.heap_end.0
                0x24000060        0x4 .pio/build/weact_mini_h743vitx/SrcWrapper/src/syscalls.c.o
 .data.LED_PIN  0x24000064        0x1 .pio/build/weact_mini_h743vitx/src/main.cpp.o
                0x24000064                LED_PIN
 *fill*         0x24000065        0x3 
 .data._impure_ptr
                0x24000068        0x4 /home/jlaustill/.platformio/packages/toolchain-gccarmnoneeabi/bin/../lib/gcc/arm-none-eabi/12.3.1/../../../../arm-none-eabi/lib/thumb/v7e-m+fp/hard/libc_nano.a(libc_a-impure.o)
                0x24000068                _impure_ptr
 .data._impure_data
                0x2400006c       0x4c /home/jlaustill/.platformio/packages/toolchain-gccarmnoneeabi/bin/../lib/gcc/arm-none-eabi/12.3.1/../../../../arm-none-eabi/lib/thumb/v7e-m+fp/hard/libc_nano.a(libc_a-impure.o)
                0x2400006c                _impure_data
 *(.RamFunc)
 *(.RamFunc*)
                0x240000b8                        . = ALIGN (0x4)
                0x240000b8                        _edata = .

.igot.plt       0x240000b8        0x0 load address 0x08006df8
 .igot.plt      0x240000b8        0x0 /home/jlaustill/.platformio/packages/toolchain-gccarmnoneeabi/bin/../lib/gcc/arm-none-eabi/12.3.1/thumb/v7e-m+fp/hard/crtbegin.o
                0x240000b8                        . = ALIGN (0x4)

.bss            0x240000b8      0x498 load address 0x08006df8
                0x240000b8                        _sbss = .
                0x240000b8                        __bss_start__ = _sbss
 *(.bss)
 *(.bss*)
 .bss.completed.1
                0x240000b8        0x1 /home/jlaustill/.platformio/packages/toolchain-gccarmnoneeabi/bin/../lib/gcc/arm-none-eabi/12.3.1/thumb/v7e-m+fp/hard/crtbegin.o
 *fill*         0x240000b9        0x3 
 .bss.object.0  0x240000bc       0x18 /home/jlaustill/.platformio/packages/toolchain-gccarmnoneeabi/bin/../lib/gcc/arm-none-eabi/12.3.1/thumb/v7e-m+fp/hard/crtbegin.o
 .bss.uwTick    0x240000d4        0x4 .pio/build/weact_mini_h743vitx/SrcWrapper/src/HAL/stm32yyxx_hal.c.o
                0x240000d4                uwTick
 .bss.HardwareTimer_Handle
                0x240000d8       0x38 .pio/build/weact_mini_h743vitx/SrcWrapper/src/HardwareTimer.cpp.o
                0x240000d8                HardwareTimer_Handle
 .bss._ZL13gpio_irq_conf
                0x24000110      0x140 .pio/build/weact_mini_h743vitx/SrcWrapper/src/stm32/interrupt.cpp.o
 .bss.uart_handlers
                0x24000250       0x24 .pio/build/weact_mini_h743vitx/SrcWrapper/src/stm32/uart.c.o
 .bss.lastBlink
                0x24000274        0x4 .pio/build/weact_mini_h743vitx/src/main.cpp.o
                0x24000274                lastBlink
 .bss.SerialLP1
                0x24000278      0x164 .pio/build/weact_mini_h743vitx/libFrameworkArduino.a(HardwareSerial.cpp.o)
                0x24000278                SerialLP1
 .bss.g_anOutputPinConfigured
                0x240003dc       0x2c .pio/build/weact_mini_h743vitx/libFrameworkArduino.a(wiring_analog.c.o)
                0x240003dc                g_anOutputPinConfigured
 .bss.__malloc_sbrk_start
                0x24000408        0x4 /home/jlaustill/.platformio/packages/toolchain-gccarmnoneeabi/bin/../lib/gcc/arm-none-eabi/12.3.1/../../../../arm-none-eabi/lib/thumb/v7e-m+fp/hard/libc_nano.a(libc_a-mallocr.o)
                0x24000408                __malloc_sbrk_start
 .bss.__malloc_free_list
                0x2400040c        0x4 /home/jlaustill/.platformio/packages/toolchain-gccarmnoneeabi/bin/../lib/gcc/arm-none-eabi/12.3.1/../../../../arm-none-eabi/lib/thumb/v7e-m+fp/hard/libc_nano.a(libc_a-mallocr.o)
                0x2400040c                __malloc_free_list
 .bss.__sf      0x24000410      0x138 /home/jlaustill/.platformio/packages/toolchain-gccarmnoneeabi/bin/../lib/gcc/arm-none-eabi/12.3.1/../../../../arm-none-eabi/lib/thumb/v7e-m+fp/hard/libc_nano.a(libc_a-findfp.o)
                0x24000410                __sf
 .bss.errno     0x24000548        0x4 /home/jlaustill/.platformio/packages/toolchain-gccarmnoneeabi/bin/../lib/gcc/arm-none-eabi/12.3.1/../../../../arm-none-eabi/lib/thumb/v7e-m+fp/hard/libc_nano.a(libc_a-reent.o)
                0x24000548                errno
 .bss.__lock___malloc_recursive_mutex
                0x2400054c        0x1 /home/jlaustill/.platformio/packages/toolchain-gccarmnoneeabi/bin/../lib/gcc/arm-none-eabi/12.3.1/../../../../arm-none-eabi/lib/thumb/v7e-m+fp/hard/libc_nano.a(libc_a-lock.o)
                0x2400054c                __lock___malloc_recursive_mutex
 *(COMMON)
                0x24000550                        . = ALIGN (0x4)
 *fill*         0x2400054d        0x3 
                0x24000550                        _ebss = .
                0x24000550                        __bss_end__ = _ebss
LOAD /home/jlaustill/.platformio/packages/toolchain-gccarmnoneeabi/bin/../lib/gcc/arm-none-eabi/12.3.1/thumb/v7e-m+fp/hard/crti.o
LOAD /home/jlaustill/.platformio/packages/toolchain-gccarmnoneeabi/bin/../lib/gcc/arm-none-eabi/12.3.1/thumb/v7e-m+fp/hard/crtbegin.o
LOAD /home/jlaustill/.platformio/packages/toolchain-gccarmnoneeabi/bin/../lib/gcc/arm-none-eabi/12.3.1/../../../../arm-none-eabi/lib/thumb/v7e-m+fp/hard/crt0.o
                0x00200000                        LD_MAX_SIZE = 0x200000
                0x00080000                        LD_MAX_DATA_SIZE = 0x80000
                0x00000000                        LD_FLASH_OFFSET = 0x0
LOAD .pio/build/weact_mini_h743vitx/FrameworkArduinoVariant/PeripheralPins.c.o
LOAD .pio/build/weact_mini_h743vitx/FrameworkArduinoVariant/PeripheralPins_DevEBoxH7xx.c.o
LOAD .pio/build/weact_mini_h743vitx/FrameworkArduinoVariant/PeripheralPins_WeActMiniH7xx.c.o
LOAD .pio/build/weact_mini_h743vitx/FrameworkArduinoVariant/generic_clock.c.o
LOAD .pio/build/weact_mini_h743vitx/FrameworkArduinoVariant/variant_DevEBoxH7xx.cpp.o
LOAD .pio/build/weact_mini_h743vitx/FrameworkArduinoVariant/variant_WeActMiniH7xx.cpp.o
LOAD .pio/build/weact_mini_h743vitx/FrameworkArduinoVariant/variant_generic.cpp.o
LOAD .pio/build/weact_mini_h743vitx/SrcWrapper/src/HAL/stm32yyxx_hal.c.o
LOAD .pio/build/weact_mini_h743vitx/SrcWrapper/src/HAL/stm32yyxx_hal_adc.c.o
LOAD .pio/build/weact_mini_h743vitx/SrcWrapper/src/HAL/stm32yyxx_hal_adc_ex.c.o
LOAD .pio/build/weact_mini_h743vitx/SrcWrapper/src/HAL/stm32yyxx_hal_can.c.o
LOAD .pio/build/weact_mini_h743vitx/SrcWrapper/src/HAL/stm32yyxx_hal_cec.c.o
LOAD .pio/build/weact_mini_h743vitx/SrcWrapper/src/HAL/stm32yyxx_hal_comp.c.o
LOAD .pio/build/weact_mini_h743vitx/SrcWrapper/src/HAL/stm32yyxx_hal_comp_ex.c.o
LOAD .pio/build/weact_mini_h743vitx/SrcWrapper/src/HAL/stm32yyxx_hal_cordic.c.o
LOAD .pio/build/weact_mini_h743vitx/SrcWrapper/src/HAL/stm32yyxx_hal_cortex.c.o
LOAD .pio/build/weact_mini_h743vitx/SrcWrapper/src/HAL/stm32yyxx_hal_crc.c.o
LOAD .pio/build/weact_mini_h743vitx/SrcWrapper/src/HAL/stm32yyxx_hal_crc_ex.c.o
LOAD .pio/build/weact_mini_h743vitx/SrcWrapper/src/HAL/stm32yyxx_hal_cryp.c.o
LOAD .pio/build/weact_mini_h743vitx/SrcWrapper/src/HAL/stm32yyxx_hal_cryp_ex.c.o
LOAD .pio/build/weact_mini_h743vitx/SrcWrapper/src/HAL/stm32yyxx_hal_dac.c.o
LOAD .pio/build/weact_mini_h743vitx/SrcWrapper/src/HAL/stm32yyxx_hal_dac_ex.c.o
LOAD .pio/build/weact_mini_h743vitx/SrcWrapper/src/HAL/stm32yyxx_hal_dcache.c.o
LOAD .pio/build/weact_mini_h743vitx/SrcWrapper/src/HAL/stm32yyxx_hal_dcmi.c.o
LOAD .pio/build/weact_mini_h743vitx/SrcWrapper/src/HAL/stm32yyxx_hal_dcmi_ex.c.o
LOAD .pio/build/weact_mini_h743vitx/SrcWrapper/src/HAL/stm32yyxx_hal_dfsdm.c.o
LOAD .pio/build/weact_mini_h743vitx/SrcWrapper/src/HAL/stm32yyxx_hal_dfsdm_ex.c.o
LOAD .pio/build/weact_mini_h743vitx/SrcWrapper/src/HAL/stm32yyxx_hal_dma.c.o
LOAD .pio/build/weact_mini_h743vitx/SrcWrapper/src/HAL/stm32yyxx_hal_dma2d.c.o
LOAD .pio/build/weact_mini_h743vitx/SrcWrapper/src/HAL/stm32yyxx_hal_dma_ex.c.o
LOAD .pio/build/weact_mini_h743vitx/SrcWrapper/src/HAL/stm32yyxx_hal_dsi.c.o
LOAD .pio/build/weact_mini_h743vitx/SrcWrapper/src/HAL/stm32yyxx_hal_dts.c.o
LOAD .pio/build/weact_mini_h743vitx/SrcWrapper/src/HAL/stm32yyxx_hal_eth.c.o
LOAD .pio/build/weact_mini_h743vitx/SrcWrapper/src/HAL/stm32yyxx_hal_eth_ex.c.o
LOAD .pio/build/weact_mini_h743vitx/SrcWrapper/src/HAL/stm32yyxx_hal_exti.c.o
LOAD .pio/build/weact_mini_h743vitx/SrcWrapper/src/HAL/stm32yyxx_hal_fdcan.c.o
LOAD .pio/build/weact_mini_h743vitx/SrcWrapper/src/HAL/stm32yyxx_hal_firewall.c.o
LOAD .pio/build/weact_mini_h743vitx/SrcWrapper/src/HAL/stm32yyxx_hal_flash.c.o
LOAD .pio/build/weact_mini_h743vitx/SrcWrapper/src/HAL/stm32yyxx_hal_flash_ex.c.o
LOAD .pio/build/weact_mini_h743vitx/SrcWrapper/src/HAL/stm32yyxx_hal_flash_ramfunc.c.o
LOAD .pio/build/weact_mini_h743vitx/SrcWrapper/src/HAL/stm32yyxx_hal_fmac.c.o
LOAD .pio/build/weact_mini_h743vitx/SrcWrapper/src/HAL/stm32yyxx_hal_fmpi2c.c.o
LOAD .pio/build/weact_mini_h743vitx/SrcWrapper/src/HAL/stm32yyxx_hal_fmpi2c_ex.c.o
LOAD .pio/build/weact_mini_h743vitx/SrcWrapper/src/HAL/stm32yyxx_hal_fmpsmbus.c.o
LOAD .pio/build/weact_mini_h743vitx/SrcWrapper/src/HAL/stm32yyxx_hal_fmpsmbus_ex.c.o
LOAD .pio/build/weact_mini_h743vitx/SrcWrapper/src/HAL/stm32yyxx_hal_gfxmmu.c.o
LOAD .pio/build/weact_mini_h743vitx/SrcWrapper/src/HAL/stm32yyxx_hal_gfxtim.c.o
LOAD .pio/build/weact_mini_h743vitx/SrcWrapper/src/HAL/stm32yyxx_hal_gpio.c.o
LOAD .pio/build/weact_mini_h743vitx/SrcWrapper/src/HAL/stm32yyxx_hal_gpio_ex.c.o
LOAD .pio/build/weact_mini_h743vitx/SrcWrapper/src/HAL/stm32yyxx_hal_gpu2d.c.o
LOAD .pio/build/weact_mini_h743vitx/SrcWrapper/src/HAL/stm32yyxx_hal_gtzc.c.o
LOAD .pio/build/weact_mini_h743vitx/SrcWrapper/src/HAL/stm32yyxx_hal_hash.c.o
LOAD .pio/build/weact_mini_h743vitx/SrcWrapper/src/HAL/stm32yyxx_hal_hash_ex.c.o
LOAD .pio/build/weact_mini_h743vitx/SrcWrapper/src/HAL/stm32yyxx_hal_hcd.c.o
LOAD .pio/build/weact_mini_h743vitx/SrcWrapper/src/HAL/stm32yyxx_hal_hrtim.c.o
LOAD .pio/build/weact_mini_h743vitx/SrcWrapper/src/HAL/stm32yyxx_hal_hsem.c.o
LOAD .pio/build/weact_mini_h743vitx/SrcWrapper/src/HAL/stm32yyxx_hal_i2c.c.o
LOAD .pio/build/weact_mini_h743vitx/SrcWrapper/src/HAL/stm32yyxx_hal_i2c_ex.c.o
LOAD .pio/build/weact_mini_h743vitx/SrcWrapper/src/HAL/stm32yyxx_hal_i2s.c.o
LOAD .pio/build/weact_mini_h743vitx/SrcWrapper/src/HAL/stm32yyxx_hal_i2s_ex.c.o
LOAD .pio/build/weact_mini_h743vitx/SrcWrapper/src/HAL/stm32yyxx_hal_i3c.c.o
LOAD .pio/build/weact_mini_h743vitx/SrcWrapper/src/HAL/stm32yyxx_hal_icache.c.o
LOAD .pio/build/weact_mini_h743vitx/SrcWrapper/src/HAL/stm32yyxx_hal_ipcc.c.o
LOAD .pio/build/weact_mini_h743vitx/SrcWrapper/src/HAL/stm32yyxx_hal_irda.c.o
LOAD .pio/build/weact_mini_h743vitx/SrcWrapper/src/HAL/stm32yyxx_hal_iwdg.c.o
LOAD .pio/build/weact_mini_h743vitx/SrcWrapper/src/HAL/stm32yyxx_hal_jpeg.c.o
LOAD .pio/build/weact_mini_h743vitx/SrcWrapper/src/HAL/stm32yyxx_hal_lcd.c.o
LOAD .pio/build/weact_mini_h743vitx/SrcWrapper/src/HAL/stm32yyxx_hal_lptim.c.o
LOAD .pio/build/weact_mini_h743vitx/SrcWrapper/src/HAL/stm32yyxx_hal_ltdc.c.o
LOAD .pio/build/weact_mini_h743vitx/SrcWrapper/src/HAL/stm32yyxx_hal_ltdc_ex.c.o
LOAD .pio/build/weact_mini_h743vitx/SrcWrapper/src/HAL/stm32yyxx_hal_mdf.c.o
LOAD .pio/build/weact_mini_h743vitx/SrcWrapper/src/HAL/stm32yyxx_hal_mdios.c.o
LOAD .pio/build/weact_mini_h743vitx/SrcWrapper/src/HAL/stm32yyxx_hal_mdma.c.o
LOAD .pio/build/weact_mini_h743vitx/SrcWrapper/src/HAL/stm32yyxx_hal_mmc.c.o
LOAD .pio/build/weact_mini_h743vitx/SrcWrapper/src/HAL/stm32yyxx_hal_mmc_ex.c.o
LOAD .pio/build/weact_mini_h743vitx/SrcWrapper/src/HAL/stm32yyxx_hal_nand.c.o
LOAD .pio/build/weact_mini_h743vitx/SrcWrapper/src/HAL/stm32yyxx_hal_nor.c.o
LOAD .pio/build/weact_mini_h743vitx/SrcWrapper/src/HAL/stm32yyxx_hal_opamp.c.o
LOAD .pio/build/weact_mini_h743vitx/SrcWrapper/src/HAL/stm32yyxx_hal_opamp_ex.c.o
LOAD .pio/build/weact_mini_h743vitx/SrcWrapper/src/HAL/stm32yyxx_hal_ospi.c.o
LOAD .pio/build/weact_mini_h743vitx/SrcWrapper/src/HAL/stm32yyxx_hal_otfdec.c.o
LOAD .pio/build/weact_mini_h743vitx/SrcWrapper/src/HAL/stm32yyxx_hal_pccard.c.o
LOAD .pio/build/weact_mini_h743vitx/SrcWrapper/src/HAL/stm32yyxx_hal_pcd.c.o
LOAD .pio/build/weact_mini_h743vitx/SrcWrapper/src/HAL/stm32yyxx_hal_pcd_ex.c.o
LOAD .pio/build/weact_mini_h743vitx/SrcWrapper/src/HAL/stm32yyxx_hal_pka.c.o
LOAD .pio/build/weact_mini_h743vitx/SrcWrapper/src/HAL/stm32yyxx_hal_pssi.c.o
LOAD .pio/build/weact_mini_h743vitx/SrcWrapper/src/HAL/stm32yyxx_hal_pwr.c.o
LOAD .pio/build/weact_mini_h743vitx/SrcWrapper/src/HAL/stm32yyxx_hal_pwr_ex.c.o
LOAD .pio/build/weact_mini_h743vitx/SrcWrapper/src/HAL/stm32yyxx_hal_qspi.c.o
LOAD .pio/build/weact_mini_h743vitx/SrcWrapper/src/HAL/stm32yyxx_hal_ramcfg.c.o
LOAD .pio/build/weact_mini_h743vitx/SrcWrapper/src/HAL/stm32yyxx_hal_ramecc.c.o
LOAD .pio/build/weact_mini_h743vitx/SrcWrapper/src/HAL/stm32yyxx_hal_rcc.c.o
LOAD .pio/build/weact_mini_h743vitx/SrcWrapper/src/HAL/stm32yyxx_hal_rcc_ex.c.o
LOAD .pio/build/weact_mini_h743vitx/SrcWrapper/src/HAL/stm32yyxx_hal_rng.c.o
LOAD .pio/build/weact_mini_h743vitx/SrcWrapper/src/HAL/stm32yyxx_hal_rng_ex.c.o
LOAD .pio/build/weact_mini_h743vitx/SrcWrapper/src/HAL/stm32yyxx_hal_rtc.c.o
LOAD .pio/build/weact_mini_h743vitx/SrcWrapper/src/HAL/stm32yyxx_hal_rtc_ex.c.o
LOAD .pio/build/weact_mini_h743vitx/SrcWrapper/src/HAL/stm32yyxx_hal_sai.c.o
LOAD .pio/build/weact_mini_h743vitx/SrcWrapper/src/HAL/stm32yyxx_hal_sai_ex.c.o
LOAD .pio/build/weact_mini_h743vitx/SrcWrapper/src/HAL/stm32yyxx_hal_sd.c.o
LOAD .pio/build/weact_mini_h743vitx/SrcWrapper/src/HAL/stm32yyxx_hal_sd_ex.c.o
LOAD .pio/build/weact_mini_h743vitx/SrcWrapper/src/HAL/stm32yyxx_hal_sdadc.c.o
LOAD .pio/build/weact_mini_h743vitx/SrcWrapper/src/HAL/stm32yyxx_hal_sdram.c.o
LOAD .pio/build/weact_mini_h743vitx/SrcWrapper/src/HAL/stm32yyxx_hal_smartcard.c.o
LOAD .pio/build/weact_mini_h743vitx/SrcWrapper/src/HAL/stm32yyxx_hal_smartcard_ex.c.o
LOAD .pio/build/weact_mini_h743vitx/SrcWrapper/src/HAL/stm32yyxx_hal_smbus.c.o
LOAD .pio/build/weact_mini_h743vitx/SrcWrapper/src/HAL/stm32yyxx_hal_smbus_ex.c.o
LOAD .pio/build/weact_mini_h743vitx/SrcWrapper/src/HAL/stm32yyxx_hal_spdifrx.c.o
LOAD .pio/build/weact_mini_h743vitx/SrcWrapper/src/HAL/stm32yyxx_hal_spi.c.o
LOAD .pio/build/weact_mini_h743vitx/SrcWrapper/src/HAL/stm32yyxx_hal_spi_ex.c.o
LOAD .pio/build/weact_mini_h743vitx/SrcWrapper/src/HAL/stm32yyxx_hal_sram.c.o
LOAD .pio/build/weact_mini_h743vitx/SrcWrapper/src/HAL/stm32yyxx_hal_subghz.c.o
LOAD .pio/build/weact_mini_h743vitx/SrcWrapper/src/HAL/stm32yyxx_hal_swpmi.c.o
LOAD .pio/build/weact_mini_h743vitx/SrcWrapper/src/HAL/stm32yyxx_hal_tim.c.o
LOAD .pio/build/weact_mini_h743vitx/SrcWrapper/src/HAL/stm32yyxx_hal_tim_ex.c.o
LOAD .pio/build/weact_mini_h743vitx/SrcWrapper/src/HAL/stm32yyxx_hal_tsc.c.o
LOAD .pio/build/weact_mini_h743vitx/SrcWrapper/src/HAL/stm32yyxx_hal_uart.c.o
LOAD .pio/build/weact_mini_h743vitx/SrcWrapper/src/HAL/stm32yyxx_hal_uart_ex.c.o
LOAD .pio/build/weact_mini_h743vitx/SrcWrapper/src/HAL/stm32yyxx_hal_usart.c.o
LOAD .pio/build/weact_mini_h743vitx/SrcWrapper/src/HAL/stm32yyxx_hal_usart_ex.c.o
LOAD .pio/build/weact_mini_h743vitx/SrcWrapper/src/HAL/stm32yyxx_hal_wwdg.c.o
LOAD .pio/build/weact_mini_h743vitx/SrcWrapper/src/HAL/stm32yyxx_hal_xspi.c.o
LOAD .pio/build/weact_mini_h743vitx/SrcWrapper/src/HardwareTimer.cpp.o
LOAD .pio/build/weact_mini_h743vitx/SrcWrapper/src/LL/stm32yyxx_ll_adc.c.o
LOAD .pio/build/weact_mini_h743vitx/SrcWrapper/src/LL/stm32yyxx_ll_bdma.c.o
LOAD .pio/build/weact_mini_h743vitx/SrcWrapper/src/LL/stm32yyxx_ll_comp.c.o
LOAD .pio/build/weact_mini_h743vitx/SrcWrapper/src/LL/stm32yyxx_ll_cordic.c.o
LOAD .pio/build/weact_mini_h743vitx/SrcWrapper/src/LL/stm32yyxx_ll_crc.c.o
LOAD .pio/build/weact_mini_h743vitx/SrcWrapper/src/LL/stm32yyxx_ll_crs.c.o
LOAD .pio/build/weact_mini_h743vitx/SrcWrapper/src/LL/stm32yyxx_ll_dac.c.o
LOAD .pio/build/weact_mini_h743vitx/SrcWrapper/src/LL/stm32yyxx_ll_delayblock.c.o
LOAD .pio/build/weact_mini_h743vitx/SrcWrapper/src/LL/stm32yyxx_ll_dlyb.c.o
LOAD .pio/build/weact_mini_h743vitx/SrcWrapper/src/LL/stm32yyxx_ll_dma.c.o
LOAD .pio/build/weact_mini_h743vitx/SrcWrapper/src/LL/stm32yyxx_ll_dma2d.c.o
LOAD .pio/build/weact_mini_h743vitx/SrcWrapper/src/LL/stm32yyxx_ll_exti.c.o
LOAD .pio/build/weact_mini_h743vitx/SrcWrapper/src/LL/stm32yyxx_ll_fmac.c.o
LOAD .pio/build/weact_mini_h743vitx/SrcWrapper/src/LL/stm32yyxx_ll_fmc.c.o
LOAD .pio/build/weact_mini_h743vitx/SrcWrapper/src/LL/stm32yyxx_ll_fmpi2c.c.o
LOAD .pio/build/weact_mini_h743vitx/SrcWrapper/src/LL/stm32yyxx_ll_fsmc.c.o
LOAD .pio/build/weact_mini_h743vitx/SrcWrapper/src/LL/stm32yyxx_ll_gpio.c.o
LOAD .pio/build/weact_mini_h743vitx/SrcWrapper/src/LL/stm32yyxx_ll_hrtim.c.o
LOAD .pio/build/weact_mini_h743vitx/SrcWrapper/src/LL/stm32yyxx_ll_i2c.c.o
LOAD .pio/build/weact_mini_h743vitx/SrcWrapper/src/LL/stm32yyxx_ll_i3c.c.o
LOAD .pio/build/weact_mini_h743vitx/SrcWrapper/src/LL/stm32yyxx_ll_icache.c.o
LOAD .pio/build/weact_mini_h743vitx/SrcWrapper/src/LL/stm32yyxx_ll_lpgpio.c.o
LOAD .pio/build/weact_mini_h743vitx/SrcWrapper/src/LL/stm32yyxx_ll_lptim.c.o
LOAD .pio/build/weact_mini_h743vitx/SrcWrapper/src/LL/stm32yyxx_ll_lpuart.c.o
LOAD .pio/build/weact_mini_h743vitx/SrcWrapper/src/LL/stm32yyxx_ll_mdma.c.o
LOAD .pio/build/weact_mini_h743vitx/SrcWrapper/src/LL/stm32yyxx_ll_opamp.c.o
LOAD .pio/build/weact_mini_h743vitx/SrcWrapper/src/LL/stm32yyxx_ll_pka.c.o
LOAD .pio/build/weact_mini_h743vitx/SrcWrapper/src/LL/stm32yyxx_ll_pwr.c.o
LOAD .pio/build/weact_mini_h743vitx/SrcWrapper/src/LL/stm32yyxx_ll_rcc.c.o
LOAD .pio/build/weact_mini_h743vitx/SrcWrapper/src/LL/stm32yyxx_ll_rng.c.o
LOAD .pio/build/weact_mini_h743vitx/SrcWrapper/src/LL/stm32yyxx_ll_rtc.c.o
LOAD .pio/build/weact_mini_h743vitx/SrcWrapper/src/LL/stm32yyxx_ll_sdmmc.c.o
LOAD .pio/build/weact_mini_h743vitx/SrcWrapper/src/LL/stm32yyxx_ll_spi.c.o
LOAD .pio/build/weact_mini_h743vitx/SrcWrapper/src/LL/stm32yyxx_ll_swpmi.c.o
LOAD .pio/build/weact_mini_h743vitx/SrcWrapper/src/LL/stm32yyxx_ll_tim.c.o
LOAD .pio/build/weact_mini_h743vitx/SrcWrapper/src/LL/stm32yyxx_ll_ucpd.c.o
LOAD .pio/build/weact_mini_h743vitx/SrcWrapper/src/LL/stm32yyxx_ll_usart.c.o
LOAD .pio/build/weact_mini_h743vitx/SrcWrapper/src/LL/stm32yyxx_ll_usb.c.o
LOAD .pio/build/weact_mini_h743vitx/SrcWrapper/src/LL/stm32yyxx_ll_utils.c.o
LOAD .pio/build/weact_mini_h743vitx/SrcWrapper/src/new.cpp.o
LOAD .pio/build/weact_mini_h743vitx/SrcWrapper/src/stm32/PortNames.c.o
LOAD .pio/build/weact_mini_h743vitx/SrcWrapper/src/stm32/analog.cpp.o
LOAD .pio/build/weact_mini_h743vitx/SrcWrapper/src/stm32/bootloader.c.o
LOAD .pio/build/weact_mini_h743vitx/SrcWrapper/src/stm32/clock.c.o
LOAD .pio/build/weact_mini_h743vitx/SrcWrapper/src/stm32/core_callback.c.o
LOAD .pio/build/weact_mini_h743vitx/SrcWrapper/src/stm32/dwt.c.o
LOAD .pio/build/weact_mini_h743vitx/SrcWrapper/src/stm32/hw_config.c.o
LOAD .pio/build/weact_mini_h743vitx/SrcWrapper/src/stm32/interrupt.cpp.o
LOAD .pio/build/weact_mini_h743vitx/SrcWrapper/src/stm32/otp.c.o
LOAD .pio/build/weact_mini_h743vitx/SrcWrapper/src/stm32/pinmap.c.o
LOAD .pio/build/weact_mini_h743vitx/SrcWrapper/src/stm32/stm32_def.c.o
LOAD .pio/build/weact_mini_h743vitx/SrcWrapper/src/stm32/system_stm32yyxx.c.o
LOAD .pio/build/weact_mini_h743vitx/SrcWrapper/src/stm32/timer.c.o
LOAD .pio/build/weact_mini_h743vitx/SrcWrapper/src/stm32/uart.c.o
LOAD .pio/build/weact_mini_h743vitx/SrcWrapper/src/syscalls.c.o
LOAD .pio/build/weact_mini_h743vitx/src/main.cpp.o
START GROUP
LOAD .pio/build/weact_mini_h743vitx/libFrameworkArduino.a
LOAD /home/jlaustill/.platformio/packages/toolchain-gccarmnoneeabi/bin/../lib/gcc/arm-none-eabi/12.3.1/thumb/v7e-m+fp/hard/libgcc.a
LOAD /home/jlaustill/.platformio/packages/toolchain-gccarmnoneeabi/bin/../lib/gcc/arm-none-eabi/12.3.1/../../../../arm-none-eabi/lib/thumb/v7e-m+fp/hard/libstdc++_nano.a
END GROUP
LOAD /home/jlaustill/.platformio/packages/toolchain-gccarmnoneeabi/bin/../lib/gcc/arm-none-eabi/12.3.1/../../../../arm-none-eabi/lib/thumb/v7e-m+fp/hard/libstdc++_nano.a
LOAD /home/jlaustill/.platformio/packages/toolchain-gccarmnoneeabi/bin/../lib/gcc/arm-none-eabi/12.3.1/../../../../arm-none-eabi/lib/thumb/v7e-m+fp/hard/libm.a
LOAD /home/jlaustill/.platformio/packages/toolchain-gccarmnoneeabi/bin/../lib/gcc/arm-none-eabi/12.3.1/../../../../arm-none-eabi/lib/thumb/v7e-m+fp/hard/libc_nano.a
START GROUP
LOAD /home/jlaustill/.platformio/packages/toolchain-gccarmnoneeabi/bin/../lib/gcc/arm-none-eabi/12.3.1/thumb/v7e-m+fp/hard/libgcc.a
LOAD /home/jlaustill/.platformio/packages/toolchain-gccarmnoneeabi/bin/../lib/gcc/arm-none-eabi/12.3.1/../../../../arm-none-eabi/lib/thumb/v7e-m+fp/hard/libc_nano.a
END GROUP
START GROUP
LOAD /home/jlaustill/.platformio/packages/toolchain-gccarmnoneeabi/bin/../lib/gcc/arm-none-eabi/12.3.1/thumb/v7e-m+fp/hard/libgcc.a
LOAD /home/jlaustill/.platformio/packages/toolchain-gccarmnoneeabi/bin/../lib/gcc/arm-none-eabi/12.3.1/../../../../arm-none-eabi/lib/thumb/v7e-m+fp/hard/libc_nano.a
END GROUP
LOAD /home/jlaustill/.platformio/packages/toolchain-gccarmnoneeabi/bin/../lib/gcc/arm-none-eabi/12.3.1/thumb/v7e-m+fp/hard/crtend.o
LOAD /home/jlaustill/.platformio/packages/toolchain-gccarmnoneeabi/bin/../lib/gcc/arm-none-eabi/12.3.1/thumb/v7e-m+fp/hard/crtn.o

.noinit         0x24000550        0x0
                0x24000550                        . = ALIGN (0x4)
                0x24000550                        _snoinit = .
 *(.noinit)
 *(.noinit*)
                0x24000550                        . = ALIGN (0x4)
                0x24000550                        _enoinit = .

._user_heap_stack
                0x24000550      0x600
                0x24000550                        . = ALIGN (0x8)
                [!provide]                        PROVIDE (end = .)
                0x24000550                        PROVIDE (_end = .)
                0x24000750                        . = (. + _Min_Heap_Size)
 *fill*         0x24000550      0x200 
                0x24000b50                        . = (. + _Min_Stack_Size)
 *fill*         0x24000750      0x400 
                0x24000b50                        . = ALIGN (0x8)

/DISCARD/
 libc.a(*)
 libm.a(*)
 libgcc.a(*)

.ARM.attributes
                0x00000000       0x30
 *(.ARM.attributes)
 .ARM.attributes
                0x00000000       0x22 /home/jlaustill/.platformio/packages/toolchain-gccarmnoneeabi/bin/../lib/gcc/arm-none-eabi/12.3.1/thumb/v7e-m+fp/hard/crti.o
 .ARM.attributes
                0x00000022       0x34 /home/jlaustill/.platformio/packages/toolchain-gccarmnoneeabi/bin/../lib/gcc/arm-none-eabi/12.3.1/thumb/v7e-m+fp/hard/crtbegin.o
 .ARM.attributes
                0x00000056       0x34 .pio/build/weact_mini_h743vitx/FrameworkArduinoVariant/PeripheralPins_WeActMiniH7xx.c.o
 .ARM.attributes
                0x0000008a       0x34 .pio/build/weact_mini_h743vitx/FrameworkArduinoVariant/variant_WeActMiniH7xx.cpp.o
 .ARM.attributes
                0x000000be       0x34 .pio/build/weact_mini_h743vitx/SrcWrapper/src/HAL/stm32yyxx_hal.c.o
 .ARM.attributes
                0x000000f2       0x34 .pio/build/weact_mini_h743vitx/SrcWrapper/src/HAL/stm32yyxx_hal_cortex.c.o
 .ARM.attributes
                0x00000126       0x34 .pio/build/weact_mini_h743vitx/SrcWrapper/src/HAL/stm32yyxx_hal_crc.c.o
 .ARM.attributes
                0x0000015a       0x34 .pio/build/weact_mini_h743vitx/SrcWrapper/src/HAL/stm32yyxx_hal_crc_ex.c.o
 .ARM.attributes
                0x0000018e       0x34 .pio/build/weact_mini_h743vitx/SrcWrapper/src/HAL/stm32yyxx_hal_dac.c.o
 .ARM.attributes
                0x000001c2       0x34 .pio/build/weact_mini_h743vitx/SrcWrapper/src/HAL/stm32yyxx_hal_dma.c.o
 .ARM.attributes
                0x000001f6       0x34 .pio/build/weact_mini_h743vitx/SrcWrapper/src/HAL/stm32yyxx_hal_gpio.c.o
 .ARM.attributes
                0x0000022a       0x34 .pio/build/weact_mini_h743vitx/SrcWrapper/src/HAL/stm32yyxx_hal_pwr.c.o
 .ARM.attributes
                0x0000025e       0x34 .pio/build/weact_mini_h743vitx/SrcWrapper/src/HAL/stm32yyxx_hal_pwr_ex.c.o
 .ARM.attributes
                0x00000292       0x34 .pio/build/weact_mini_h743vitx/SrcWrapper/src/HAL/stm32yyxx_hal_rcc.c.o
 .ARM.attributes
                0x000002c6       0x34 .pio/build/weact_mini_h743vitx/SrcWrapper/src/HAL/stm32yyxx_hal_rcc_ex.c.o
 .ARM.attributes
                0x000002fa       0x34 .pio/build/weact_mini_h743vitx/SrcWrapper/src/HAL/stm32yyxx_hal_tim.c.o
 .ARM.attributes
                0x0000032e       0x34 .pio/build/weact_mini_h743vitx/SrcWrapper/src/HAL/stm32yyxx_hal_tim_ex.c.o
 .ARM.attributes
                0x00000362       0x34 .pio/build/weact_mini_h743vitx/SrcWrapper/src/HAL/stm32yyxx_hal_uart.c.o
 .ARM.attributes
                0x00000396       0x34 .pio/build/weact_mini_h743vitx/SrcWrapper/src/HAL/stm32yyxx_hal_uart_ex.c.o
 .ARM.attributes
                0x000003ca       0x34 .pio/build/weact_mini_h743vitx/SrcWrapper/src/HardwareTimer.cpp.o
 .ARM.attributes
                0x000003fe       0x34 .pio/build/weact_mini_h743vitx/SrcWrapper/src/new.cpp.o
 .ARM.attributes
                0x00000432       0x34 .pio/build/weact_mini_h743vitx/SrcWrapper/src/stm32/PortNames.c.o
 .ARM.attributes
                0x00000466       0x34 .pio/build/weact_mini_h743vitx/SrcWrapper/src/stm32/analog.cpp.o
 .ARM.attributes
                0x0000049a       0x34 .pio/build/weact_mini_h743vitx/SrcWrapper/src/stm32/clock.c.o
 .ARM.attributes
                0x000004ce       0x34 .pio/build/weact_mini_h743vitx/SrcWrapper/src/stm32/dwt.c.o
 .ARM.attributes
                0x00000502       0x34 .pio/build/weact_mini_h743vitx/SrcWrapper/src/stm32/hw_config.c.o
 .ARM.attributes
                0x00000536       0x34 .pio/build/weact_mini_h743vitx/SrcWrapper/src/stm32/interrupt.cpp.o
 .ARM.attributes
                0x0000056a       0x34 .pio/build/weact_mini_h743vitx/SrcWrapper/src/stm32/pinmap.c.o
 .ARM.attributes
                0x0000059e       0x34 .pio/build/weact_mini_h743vitx/SrcWrapper/src/stm32/system_stm32yyxx.c.o
 .ARM.attributes
                0x000005d2       0x34 .pio/build/weact_mini_h743vitx/SrcWrapper/src/stm32/timer.c.o
 .ARM.attributes
                0x00000606       0x34 .pio/build/weact_mini_h743vitx/SrcWrapper/src/stm32/uart.c.o
 .ARM.attributes
                0x0000063a       0x34 .pio/build/weact_mini_h743vitx/SrcWrapper/src/syscalls.c.o